Component: ARM Compiler 5.06 update 7 (build 960) Tool: armlink [4d3601]

==============================================================================

Section Cross References

    startup_stm32f10x_hd.o(RESET) refers to startup_stm32f10x_hd.o(STACK) for __initial_sp
    startup_stm32f10x_hd.o(RESET) refers to startup_stm32f10x_hd.o(.text) for Reset_Handler
    startup_stm32f10x_hd.o(RESET) refers to stm32f10x_it.o(.text) for NMI_Handler
    startup_stm32f10x_hd.o(.text) refers to system_stm32f10x.o(.text) for SystemInit
    startup_stm32f10x_hd.o(.text) refers to entry.o(.ARM.Collect$$$$00000000) for __main
    system_stm32f10x.o(.text) refers to system_stm32f10x.o(.data) for SystemCoreClock
    stm32f10x_adc.o(.text) refers to stm32f10x_rcc.o(.text) for RCC_APB2PeriphResetCmd
    stm32f10x_bkp.o(.text) refers to stm32f10x_rcc.o(.text) for RCC_BackupResetCmd
    stm32f10x_can.o(.text) refers to stm32f10x_rcc.o(.text) for RCC_APB1PeriphResetCmd
    stm32f10x_cec.o(.text) refers to stm32f10x_rcc.o(.text) for RCC_APB1PeriphResetCmd
    stm32f10x_dac.o(.text) refers to stm32f10x_rcc.o(.text) for RCC_APB1PeriphResetCmd
    stm32f10x_gpio.o(.text) refers to stm32f10x_rcc.o(.text) for RCC_APB2PeriphResetCmd
    stm32f10x_i2c.o(.text) refers to stm32f10x_rcc.o(.text) for RCC_APB1PeriphResetCmd
    stm32f10x_pwr.o(.text) refers to stm32f10x_rcc.o(.text) for RCC_APB1PeriphResetCmd
    stm32f10x_rcc.o(.text) refers to stm32f10x_rcc.o(.data) for APBAHBPrescTable
    stm32f10x_spi.o(.text) refers to stm32f10x_rcc.o(.text) for RCC_APB2PeriphResetCmd
    stm32f10x_tim.o(.text) refers to stm32f10x_rcc.o(.text) for RCC_APB2PeriphResetCmd
    stm32f10x_usart.o(.text) refers to stm32f10x_rcc.o(.text) for RCC_APB2PeriphResetCmd
    stm32f10x_wwdg.o(.text) refers to stm32f10x_rcc.o(.text) for RCC_APB1PeriphResetCmd
    main.o(.text) refers to delay.o(.text) for delay_init
    main.o(.text) refers to bsp_led.o(.text) for LED_GPIO_Config
    main.o(.text) refers to bsp_usart.o(.text) for USART_Config
    main.o(.text) refers to beep.o(.text) for BEEP_GPIO_Config
    main.o(.text) refers to bsp_key.o(.text) for EXTI_Key_Config
    main.o(.text) refers to tftlcd.o(.text) for LCD_Init
    main.o(.text) refers to bsp_dht11.o(.text) for DHT11_Init
    main.o(.text) refers to bsp_esp8266.o(.text) for ESP8266_Init
    main.o(.text) refers to hcsr04.o(.text) for HCSR04_Init
    main.o(.text) refers to stm32f10x_tim.o(.text) for TIM_Cmd
    main.o(.text) refers to bsp_basictim.o(.text) for TIM_Init
    main.o(.text) refers to vl53l0x_i2c.o(.text) for VL53L0X_i2c_init
    main.o(.text) refers to vl53l0x_gen.o(.text) for vl53l0x_set_mode
    main.o(.text) refers to stm32f10x_gpio.o(.text) for GPIO_SetBits
    main.o(.text) refers to printf8.o(i.__0sprintf$8) for __2sprintf
    main.o(.text) refers to ffixui.o(.text) for __aeabi_f2uiz
    main.o(.text) refers to strcat.o(.text) for strcat
    main.o(.text) refers to vl53l0x.o(.bss) for vl53l0x_dev
    main.o(.text) refers to tftlcd.o(.data) for POINT_COLOR
    main.o(.text) refers to main.o(.bss) for cStr
    main.o(.text) refers to bsp_esp8266.o(.bss) for strEsp8266_Fram_Record
    main.o(.text) refers to main.o(.data) for UltraWave_Distance
    main.o(.text) refers to vl53l0x_gen.o(.bss) for vl53l0x_data
    main.o(.text) refers to vl53l0x_gen.o(.data) for Distance_data
    stm32f10x_it.o(.text) refers to stm32f10x_tim.o(.text) for TIM_GetITStatus
    stm32f10x_it.o(.text) refers to stm32f10x_usart.o(.text) for USART_GetITStatus
    stm32f10x_it.o(.text) refers to stm32f10x_exti.o(.text) for EXTI_GetITStatus
    stm32f10x_it.o(.text) refers to bsp_esp8266.o(.text) for ESP8266_SendString
    stm32f10x_it.o(.text) refers to main.o(.data) for time_1_counter
    stm32f10x_it.o(.text) refers to bsp_esp8266.o(.bss) for strEsp8266_Fram_Record
    stm32f10x_it.o(.text) refers to vl53l0x_gen.o(.data) for Distance_data
    bsp_basictim.o(.text) refers to misc.o(.text) for NVIC_PriorityGroupConfig
    bsp_basictim.o(.text) refers to stm32f10x_rcc.o(.text) for RCC_APB1PeriphClockCmd
    bsp_basictim.o(.text) refers to stm32f10x_tim.o(.text) for TIM_TimeBaseInit
    beep.o(.text) refers to stm32f10x_rcc.o(.text) for RCC_APB2PeriphClockCmd
    beep.o(.text) refers to stm32f10x_gpio.o(.text) for GPIO_Init
    bsp_key.o(.text) refers to misc.o(.text) for NVIC_PriorityGroupConfig
    bsp_key.o(.text) refers to stm32f10x_rcc.o(.text) for RCC_APB2PeriphClockCmd
    bsp_key.o(.text) refers to stm32f10x_gpio.o(.text) for GPIO_Init
    bsp_key.o(.text) refers to stm32f10x_exti.o(.text) for EXTI_Init
    bsp_led.o(.text) refers to stm32f10x_rcc.o(.text) for RCC_APB2PeriphClockCmd
    bsp_led.o(.text) refers to stm32f10x_gpio.o(.text) for GPIO_Init
    bsp_usart.o(.text) refers to misc.o(.text) for NVIC_PriorityGroupConfig
    bsp_usart.o(.text) refers to stm32f10x_rcc.o(.text) for RCC_APB2PeriphClockCmd
    bsp_usart.o(.text) refers to stm32f10x_gpio.o(.text) for GPIO_Init
[...]
    .text                                    0x080008a0   Section        0  stm32f10x_rcc.o(.text)
    .text                                    0x08000c44   Section        0  stm32f10x_spi.o(.text)
    .text                                    0x08000f50   Section        0  stm32f10x_tim.o(.text)
    TI4_Config                               0x080013f7   Thumb Code   130  stm32f10x_tim.o(.text)
    TI3_Config                               0x0800148b   Thumb Code   122  stm32f10x_tim.o(.text)
    TI2_Config                               0x0800151f   Thumb Code   130  stm32f10x_tim.o(.text)
    TI1_Config                               0x080015b3   Thumb Code   108  stm32f10x_tim.o(.text)
    .text                                    0x08001d6c   Section        0  stm32f10x_usart.o(.text)
    .text                                    0x08002174   Section        0  main.o(.text)
    .text                                    0x08002778   Section        0  stm32f10x_it.o(.text)
    .text                                    0x08002aac   Section        0  bsp_basictim.o(.text)
    BASIC_TIM_NVIC_Config                    0x08002aad   Thumb Code   114  bsp_basictim.o(.text)
    BASIC_TIM_1_time_Config                  0x08002b1f   Thumb Code    74  bsp_basictim.o(.text)
    BASIC_TIM_1_LED_Config                   0x08002b69   Thumb Code    74  bsp_basictim.o(.text)
    ROOM_STATUS_TIM_Config                   0x08002bb3   Thumb Code    74  bsp_basictim.o(.text)
    BEEP_TIM_Config                          0x08002bfd   Thumb Code    74  bsp_basictim.o(.text)
    .text                                    0x08002c6c   Section        0  beep.o(.text)
    .text                                    0x08002c98   Section        0  bsp_key.o(.text)
    NVIC_Configuration                       0x08002c99   Thumb Code    52  bsp_key.o(.text)
    .text                                    0x08002d88   Section        0  bsp_led.o(.text)
    .text                                    0x08002de8   Section        0  bsp_usart.o(.text)
    NVIC_Configuration                       0x08002de9   Thumb Code    38  bsp_usart.o(.text)
    .text                                    0x08002f8c   Section        0  delay.o(.text)
    .text                                    0x08003060   Section        0  spi.o(.text)
    .text                                    0x080031a4   Section        0  tftlcd.o(.text)
    LCD_Gpio_Init                            0x080031a5   Thumb Code   126  tftlcd.o(.text)
    LCD_SPI_Send                             0x08003223   Thumb Code    74  tftlcd.o(.text)
    LCD_Write_Cmd                            0x0800326d   Thumb Code    18  tftlcd.o(.text)
    LCD_Write_Data                           0x0800327f   Thumb Code    18  tftlcd.o(.text)
    LCD_Pow                                  0x08003855   Thumb Code    22  tftlcd.o(.text)
    .text                                    0x08003c20   Section        0  bsp_dht11.o(.text)
    DHT11_GPIO_Config                        0x08003c21   Thumb Code    38  bsp_dht11.o(.text)
    DHT11_Mode_IPU                           0x08003c57   Thumb Code    24  bsp_dht11.o(.text)
    DHT11_Mode_Out_PP                        0x08003c6f   Thumb Code    30  bsp_dht11.o(.text)
    DHT11_ReadByte                           0x08003c8d   Thumb Code    90  bsp_dht11.o(.text)
    .text                                    0x08003d84   Section        0  hcsr04.o(.text)
    Hcsr04_GPIO_Config                       0x08003d85   Thumb Code    58  hcsr04.o(.text)
    Hcsr04_Get_ONE_Distance                  0x08003dbf   Thumb Code    92  hcsr04.o(.text)
    Echo_TIM_NVIC_Config                     0x08003e47   Thumb Code    42  hcsr04.o(.text)
    Echo_TIM_Config                          0x08003e71   Thumb Code    74  hcsr04.o(.text)
    Echo_TIM_Init                            0x08003ebb   Thumb Code    12  hcsr04.o(.text)
    .text                                    0x08003ee4   Section        0  vl53l0x_api.o(.text)
    .text                                    0x080058a0   Section        0  vl53l0x_api_calibration.o(.text)
    .text                                    0x080064a0   Section        0  vl53l0x_api_core.o(.text)
    .text                                    0x08007b8c   Section        0  vl53l0x_api_strings.o(.text)
    .text                                    0x080084d0   Section        0  vl53l0x.o(.text)
    .text                                    0x08008634   Section        0  vl53l0x_gen.o(.text)
    .text                                    0x08008840   Section        0  vl53l0x_i2c.o(.text)
    .text                                    0x08008d62   Section        0  vl53l0x_platform.o(.text)
    .text                                    0x08008f48   Section        0  common.o(.text)
    itoa                                     0x08008f49   Thumb Code    98  common.o(.text)
    .text                                    0x080090b0   Section        0  bsp_esp8266.o(.text)
    ESP8266_USART_NVIC_Configuration         0x080090b1   Thumb Code    40  bsp_esp8266.o(.text)
    ESP8266_USART_Config                     0x080090d9   Thumb Code   148  bsp_esp8266.o(.text)
    ESP8266_GPIO_Config                      0x0800916d   Thumb Code    64  bsp_esp8266.o(.text)
    .text                                    0x0800991c   Section        0  memcpya.o(.text)
    .text                                    0x08009940   Section        0  memseta.o(.text)
    .text                                    0x08009964   Section        0  strcat.o(.text)
    .text                                    0x0800997c   Section        0  strstr.o(.text)
    .text                                    0x080099a0   Section        0  strcpy.o(.text)
    .text                                    0x080099b2   Section        0  fadd.o(.text)
    .text                                    0x08009a62   Section        0  fdiv.o(.text)
    .text                                    0x08009ade   Section        0  fflti.o(.text)
    .text                                    0x08009af0   Section        0  ffixui.o(.text)
    .text                                    0x08009b18   Section        0  uldiv.o(.text)
    .text                                    0x08009b7a   Section        0  fepilogue.o(.text)
    .text                                    0x08009b7a   Section        0  iusefp.o(.text)
    .text                                    0x08009be8   Section       36  init.o(.text)
    .text                                    0x08009c0c   Section        0  llshl.o(.text)
    .text                                    0x08009c2a   Section        0  llushr.o(.text)
    .text                                    0x08009c4a   Section        0  __dczerorl2.o(.text)
    i.__0printf$8                            0x08009ca0   Section        0  printf8.o(i.__0printf$8)
    i.__0sprintf$8                           0x08009cc0   Section        0  printf8.o(i.__0sprintf$8)
    i.__scatterload_copy                     0x08009ce8   Section       14  handlers.o(i.__scatterload_copy)
    i.__scatterload_null                     0x08009cf6   Section        2  handlers.o(i.__scatterload_null)
    i.__scatterload_zeroinit                 0x08009cf8   Section       14  handlers.o(i.__scatterload_zeroinit)
    i._printf_core                           0x08009d08   Section        0  printf8.o(i._printf_core)
    _printf_core                             0x08009d09   Thumb Code   984  printf8.o(i._printf_core)
    i._printf_post_padding                   0x0800a10c   Section        0  printf8.o(i._printf_post_padding)
    _printf_post_padding                     0x0800a10d   Thumb Code    36  printf8.o(i._printf_post_padding)
    i._printf_pre_padding                    0x0800a130   Section        0  printf8.o(i._printf_pre_padding)
    _printf_pre_padding                      0x0800a131   Thumb Code    46  printf8.o(i._printf_pre_padding)
    i._sputc                                 0x0800a15e   Section        0  printf8.o(i._sputc)
    _sputc                                   0x0800a15f   Thumb Code    10  printf8.o(i._sputc)
    .constdata                               0x0800a168   Section    58740  tftlcd.o(.constdata)
    .data                                    0x20000000   Section       20  system_stm32f10x.o(.data)
    .data                                    0x20000014   Section       20  stm32f10x_rcc.o(.data)
    APBAHBPrescTable                         0x20000014   Data          16  stm32f10x_rcc.o(.data)
    ADCPrescTable                            0x20000024   Data           4  stm32f10x_rcc.o(.data)
    .data                                    0x20000028   Section       96  main.o(.data)
    .data                                    0x20000088   Section        4  delay.o(.data)
    fac_us                                   0x20000088   Data           1  delay.o(.data)
    fac_ms                                   0x2000008a   Data           2  delay.o(.data)
    .data                                    0x2000008c   Section        4  tftlcd.o(.data)
    .data                                    0x20000090   Section      681  vl53l0x_api.o(.data)
    .data                                    0x2000033c   Section       16  vl53l0x_api_calibration.o(.data)
    .data                                    0x2000034c   Section       57  vl53l0x.o(.data)
    .data                                    0x20000386   Section        2  vl53l0x_gen.o(.data)
    .data                                    0x20000388   Section        4  stdout.o(.data)
    .bss                                     0x2000038c   Section      392  main.o(.bss)
    .bss                                     0x20000514   Section     1152  tftlcd.o(.bss)
    lcd_buf                                  0x20000514   Data        1152  tftlcd.o(.bss)
    .bss                                     0x20000994   Section      451  vl53l0x.o(.bss)
    .bss                                     0x20000b58   Section       28  vl53l0x_gen.o(.bss)
    .bss                                     0x20000b74   Section     1026  bsp_esp8266.o(.bss)
    STACK                                    0x20000f78   Section     1024  startup_stm32f10x_hd.o(STACK)

    Global Symbols

    Symbol Name                              Value     Ov Type        Size  Object(Section)

    BuildAttributes$$THM_ISAv4$P$D$K$B$S$PE$A:L22UL41UL21$X:L11$S22US41US21$IEEE1$IW$USESV6$~STKCKD$USESV7$~SHL$OTIME$ROPI$EBA8$MICROLIB$REQ8$PRES8$EABIv2 0x00000000   Number         0  anon$$obj.o ABSOLUTE
    __ARM_use_no_argv                        0x00000000   Number         0  main.o ABSOLUTE
    _printf_a                                0x00000000   Number         0  stubs.o ABSOLUTE
    _printf_c                                0x00000000   Number         0  stubs.o ABSOLUTE
    _printf_charcount                        0x00000000   Number         0  stubs.o ABSOLUTE
    _printf_d                                0x00000000   Number         0  stubs.o ABSOLUTE
    _printf_e                                0x00000000   Number         0  stubs.o ABSOLUTE
    _printf_f                                0x00000000   Number         0  stubs.o ABSOLUTE
    _printf_flags                            0x00000000   Number         0  stubs.o ABSOLUTE
    _printf_fp_dec                           0x00000000   Number         0  stubs.o ABSOLUTE
    _printf_fp_hex                           0x00000000   Number         0  stubs.o ABSOLUTE
    _printf_g                                0x00000000   Number         0  stubs.o ABSOLUTE
    _printf_i                                0x00000000   Number         0  stubs.o ABSOLUTE
    _printf_int_dec                          0x00000000   Number         0  stubs.o ABSOLUTE
    _printf_l                                0x00000000   Number         0  stubs.o ABSOLUTE
    _printf_lc                               0x00000000   Number         0  stubs.o ABSOLUTE
    _printf_ll                               0x00000000   Number         0  stubs.o ABSOLUTE
    _printf_lld                              0x00000000   Number         0  stubs.o ABSOLUTE
    _printf_lli                              0x00000000   Number         0  stubs.o ABSOLUTE
    _printf_llo                              0x00000000   Number         0  stubs.o ABSOLUTE
    _printf_llu                              0x00000000   Number         0  stubs.o ABSOLUTE
    _printf_llx                              0x00000000   Number         0  stubs.o ABSOLUTE
    _printf_longlong_dec                     0x00000000   Number         0  stubs.o ABSOLUTE
    _printf_longlong_hex                     0x00000000   Number         0  stubs.o ABSOLUTE
    _printf_longlong_oct                     0x00000000   Number         0  stubs.o ABSOLUTE
    _printf_ls                               0x00000000   Number         0  stubs.o ABSOLUTE
    _printf_mbtowc                           0x00000000   Number         0  stubs.o ABSOLUTE
    _printf_n                                0x00000000   Number         0  stubs.o ABSOLUTE
    _printf_o                                0x00000000   Number         0  stubs.o ABSOLUTE
    _printf_p                                0x00000000   Number         0  stubs.o ABSOLUTE
    _printf_percent                          0x00000000   Number         0  stubs.o ABSOLUTE
    _printf_pre_padding                      0x00000000   Number         0  stubs.o ABSOLUTE
    _printf_return_value                     0x00000000   Number         0  stubs.o ABSOLUTE
    _printf_s                                0x00000000   Number         0  stubs.o ABSOLUTE
    _printf_sizespec                         0x00000000   Number         0  stubs.o ABSOLUTE
    _printf_str                              0x00000000   Number         0  stubs.o ABSOLUTE
    _printf_truncate_signed                  0x00000000   Number         0  stubs.o ABSOLUTE
    _printf_truncate_unsigned                0x00000000   Number         0  stubs.o ABSOLUTE
    _printf_u                                0x00000000   Number         0  stubs.o ABSOLUTE
    _printf_wc                               0x00000000   Number         0  stubs.o ABSOLUTE
    _printf_wctomb                           0x00000000   Number         0  stubs.o ABSOLUTE
    _printf_widthprec                        0x00000000   Number         0  stubs.o ABSOLUTE
    _printf_x                                0x00000000   Number         0  stubs.o ABSOLUTE
    __arm_fini_                               - Undefined Weak Reference
    __cpp_initialize__aeabi_                  - Undefined Weak Reference
    __cxa_finalize                            - Undefined Weak Reference
    _clock_init                               - Undefined Weak Reference
    _microlib_exit                            - Undefined Weak Reference
    __Vectors_Size                           0x00000130   Number         0  startup_stm32f10x_hd.o ABSOLUTE
    __Vectors                                0x08000000   Data           4  startup_stm32f10x_hd.o(RESET)
    __Vectors_End                            0x08000130   Data           0  startup_stm32f10x_hd.o(RESET)
    __main                                   0x08000131   Thumb Code     0  entry.o(.ARM.Collect$$$$00000000)
    _main_stk                                0x08000131   Thumb Code     0  entry2.o(.ARM.Collect$$$$00000001)
    _main_scatterload                        0x08000135   Thumb Code     0  entry5.o(.ARM.Collect$$$$00000004)
    __main_after_scatterload                 0x08000139   Thumb Code     0  entry5.o(.ARM.Collect$$$$00000004)
    _main_clock                              0x08000139   Thumb Code     0  entry7b.o(.ARM.Collect$$$$00000008)
    _main_cpp_init                           0x08000139   Thumb Code     0  entry8b.o(.ARM.Collect$$$$0000000A)
    _main_init                               0x08000139   Thumb Code     0  entry9a.o(.ARM.Collect$$$$0000000B)
    __rt_lib_shutdown_fini                   0x08000141   Thumb Code     0  entry12b.o(.ARM.Collect$$$$0000000E)
    __rt_final_cpp                           0x08000145   Thumb Code     0  entry10a.o(.ARM.Collect$$$$0000000F)
    __rt_final_exit                          0x08000145   Thumb Code     0  entry11a.o(.ARM.Collect$$$$00000011)
    Reset_Handler                            0x08000149   Thumb Code     8  startup_stm32f10x_hd.o(.text)
    ADC1_2_IRQHandler                        0x08000163   Thumb Code     0  startup_stm32f10x_hd.o(.text)
    ADC3_IRQHandler                          0x08000163   Thumb Code     0  startup_stm32f10x_hd.o(.text)
    CAN1_RX1_IRQHandler                      0x08000163   Thumb Code     0  startup_stm32f10x_hd.o(.text)
    CAN1_SCE_IRQHandler                      0x08000163   Thumb Code     0  startup_stm32f10x_hd.o(.text)
    DMA1_Channel1_IRQHandler                 0x08000163   Thumb Code     0  startup_stm32f10x_hd.o(.text)
    DMA1_Channel2_IRQHandler                 0x08000163   Thumb Code     0  startup_stm32f10x_hd.o(.text)
    DMA1_Channel3_IRQHandler                 0x08000163   Thumb Code     0  startup_stm32f10x_hd.o(.text)
    DMA1_Channel4_IRQHandler                 0x08000163   Thumb Code     0  startup_stm32f10x_hd.o(.text)
    DMA1_Channel5_IRQHandler                 0x08000163   Thumb Code     0  startup_stm32f10x_hd.o(.text)
    DMA1_Channel6_IRQHandler                 0x08000163   Thumb Code     0  startup_stm32f10x_hd.o(.text)
    DMA1_Channel7_IRQHandler                 0x08000163   Thumb Code     0  startup_stm32f10x_hd.o(.text)
    DMA2_Channel1_IRQHandler                 0x08000163   Thumb Code     0  startup_stm32f10x_hd.o(.text)
    DMA2_Channel2_IRQHandler                 0x08000163   Thumb Code     0  startup_stm32f10x_hd.o(.text)
    DMA2_Channel3_IRQHandler                 0x08000163   Thumb Code     0  startup_stm32f10x_hd.o(.text)
    DMA2_Channel4_5_IRQHandler               0x08000163   Thumb Code     0  startup_stm32f10x_hd.o(.text)
    EXTI1_IRQHandler                         0x08000163   Thumb Code     0  startup_stm32f10x_hd.o(.text)
    EXTI2_IRQHandler                         0x08000163   Thumb Code     0  startup_stm32f10x_hd.o(.text)
    EXTI3_IRQHandler                         0x08000163   Thumb Code     0  startup_stm32f10x_hd.o(.text)
    EXTI4_IRQHandler                         0x08000163   Thumb Code     0  startup_stm32f10x_hd.o(.text)
    EXTI9_5_IRQHandler                       0x08000163   Thumb Code     0  startup_stm32f10x_hd.o(.text)
    FLASH_IRQHandler                         0x08000163   Thumb Code     0  startup_stm32f10x_hd.o(.text)
    FSMC_IRQHandler                          0x08000163   Thumb Code     0  startup_stm32f10x_hd.o(.text)
    I2C1_ER_IRQHandler                       0x08000163   Thumb Code     0  startup_stm32f10x_hd.o(.text)
    I2C1_EV_IRQHandler                       0x08000163   Thumb Code     0  startup_stm32f10x_hd.o(.text)
    I2C2_ER_IRQHandler                       0x08000163   Thumb Code     0  startup_stm32f10x_hd.o(.text)
    I2C2_EV_IRQHandler                       0x08000163   Thumb Code     0  startup_stm32f10x_hd.o(.text)
    PVD_IRQHandler                           0x08000163   Thumb Code     0  startup_stm32f10x_hd.o(.text)
    RCC_IRQHandler                           0x08000163   Thumb Code     0  startup_stm32f10x_hd.o(.text)
    RTCAlarm_IRQHandler                      0x08000163   Thumb Code     0  startup_stm32f10x_hd.o(.text)
    RTC_IRQHandler                           0x08000163   Thumb Code     0  startup_stm32f10x_hd.o(.text)
    SDIO_IRQHandler                          0x08000163   Thumb Code     0  startup_stm32f10x_hd.o(.text)
    SPI1_IRQHandler                          0x08000163   Thumb Code     0  startup_stm32f10x_hd.o(.text)
    SPI2_IRQHandler                          0x08000163   Thumb Code     0  startup_stm32f10x_hd.o(.text)
    SPI3_IRQHandler                          0x08000163   Thumb Code     0  startup_stm32f10x_hd.o(.text)
    TAMPER_IRQHandler                        0x08000163   Thumb Code     0  startup_stm32f10x_hd.o(.text)
    TIM1_BRK_IRQHandler                      0x08000163   Thumb Code     0  startup_stm32f10x_hd.o(.text)
    TIM1_CC_IRQHandler                       0x08000163   Thumb Code     0  startup_stm32f10x_hd.o(.text)
    TIM1_TRG_COM_IRQHandler                  0x08000163   Thumb Code     0  startup_stm32f10x_hd.o(.text)
    TIM1_UP_IRQHandler                       0x08000163   Thumb Code     0  startup_stm32f10x_hd.o(.text)
    TIM5_IRQHandler                          0x08000163   Thumb Code     0  startup_stm32f10x_hd.o(.text)
    TIM8_BRK_IRQHandler                      0x08000163   Thumb Code     0  startup_stm32f10x_hd.o(.text)
    TIM8_CC_IRQHandler                       0x08000163   Thumb Code     0  startup_stm32f10x_hd.o(.text)
    TIM8_TRG_COM_IRQHandler                  0x08000163   Thumb Code     0  startup_stm32f10x_hd.o(.text)
    TIM8_UP_IRQHandler                       0x08000163   Thumb Code     0  startup_stm32f10x_hd.o(.text)
    UART4_IRQHandler                         0x08000163   Thumb Code     0  startup_stm32f10x_hd.o(.text)
    UART5_IRQHandler                         0x08000163   Thumb Code     0  startup_stm32f10x_hd.o(.text)
    USART1_IRQHandler                        0x08000163   Thumb Code     0  startup_stm32f10x_hd.o(.text)
    USART2_IRQHandler                        0x08000163   Thumb Code     0  startup_stm32f10x_hd.o(.text)
    USBWakeUp_IRQHandler                     0x08000163   Thumb Code     0  startup_stm32f10x_hd.o(.text)
    USB_HP_CAN1_TX_IRQHandler                0x08000163   Thumb Code     0  startup_stm32f10x_hd.o(.text)
    USB_LP_CAN1_RX0_IRQHandler               0x08000163   Thumb Code     0  startup_stm32f10x_hd.o(.text)
    WWDG_IRQHandler                          0x08000163   Thumb Code     0  startup_stm32f10x_hd.o(.text)
    SystemInit                               0x0800024b   Thumb Code    78  system_stm32f10x.o(.text)
    SystemCoreClockUpdate                    0x08000299   Thumb Code   142  system_stm32f10x.o(.text)
    NVIC_PriorityGroupConfig                 0x0800034d   Thumb Code    10  misc.o(.text)
    NVIC_Init                                0x08000357   Thumb Code   100  misc.o(.text)
    NVIC_SetVectorTable                      0x080003bb   Thumb Code    14  misc.o(.text)
    NVIC_SystemLPConfig                      0x080003c9   Thumb Code    34  misc.o(.text)
    SysTick_CLKSourceConfig                  0x080003eb   Thumb Code    40  misc.o(.text)
    EXTI_DeInit                              0x08000429   Thumb Code    28  stm32f10x_exti.o(.text)
    EXTI_Init                                0x08000445   Thumb Code   142  stm32f10x_exti.o(.text)
    EXTI_StructInit                          0x080004d3   Thumb Code    16  stm32f10x_exti.o(.text)
    EXTI_GenerateSWInterrupt                 0x080004e3   Thumb Code    16  stm32f10x_exti.o(.text)
    EXTI_GetFlagStatus                       0x080004f3   Thumb Code    22  stm32f10x_exti.o(.text)
    EXTI_ClearFlag                           0x08000509   Thumb Code     8  stm32f10x_exti.o(.text)
    EXTI_GetITStatus                         0x08000511   Thumb Code    34  stm32f10x_exti.o(.text)
    EXTI_ClearITPendingBit                   0x08000533   Thumb Code     8  stm32f10x_exti.o(.text)
    GPIO_DeInit                              0x08000545   Thumb Code   172  stm32f10x_gpio.o(.text)
    GPIO_AFIODeInit                          0x080005f1   Thumb Code    20  stm32f10x_gpio.o(.text)
    GPIO_Init                                0x08000605   Thumb Code   278  stm32f10x_gpio.o(.text)
    GPIO_StructInit                          0x0800071b   Thumb Code    16  stm32f10x_gpio.o(.text)
    GPIO_ReadInputDataBit                    0x0800072b   Thumb Code    18  stm32f10x_gpio.o(.text)
    GPIO_ReadInputData                       0x0800073d   Thumb Code     8  stm32f10x_gpio.o(.text)
    GPIO_ReadOutputDataBit                   0x08000745   Thumb Code    18  stm32f10x_gpio.o(.text)
    GPIO_ReadOutputData                      0x08000757   Thumb Code     8  stm32f10x_gpio.o(.text)
    GPIO_SetBits                             0x0800075f   Thumb Code     4  stm32f10x_gpio.o(.text)
    GPIO_ResetBits                           0x08000763   Thumb Code     4  stm32f10x_gpio.o(.text)
    GPIO_WriteBit                            0x08000767   Thumb Code    10  stm32f10x_gpio.o(.text)
    GPIO_Write                               0x08000771   Thumb Code     4  stm32f10x_gpio.o(.text)
    GPIO_PinLockConfig                       0x08000775   Thumb Code    18  stm32f10x_gpio.o(.text)
    GPIO_EventOutputConfig                   0x08000787   Thumb Code    26  stm32f10x_gpio.o(.text)
    GPIO_EventOutputCmd                      0x080007a1   Thumb Code     6  stm32f10x_gpio.o(.text)
    GPIO_PinRemapConfig                      0x080007a7   Thumb Code   138  stm32f10x_gpio.o(.text)
    GPIO_EXTILineConfig                      0x08000831   Thumb Code    66  stm32f10x_gpio.o(.text)
    GPIO_ETH_MediaInterfaceConfig            0x08000873   Thumb Code     8  stm32f10x_gpio.o(.text)
    RCC_DeInit                               0x080008a1   Thumb Code    64  stm32f10x_rcc.o(.text)
    RCC_HSEConfig                            0x080008e1   Thumb Code    70  stm32f10x_rcc.o(.text)
    RCC_GetFlagStatus                        0x08000927   Thumb Code    56  stm32f10x_rcc.o(.text)
    RCC_WaitForHSEStartUp                    0x0800095f   Thumb Code    56  stm32f10x_rcc.o(.text)
    RCC_AdjustHSICalibrationValue            0x08000997   Thumb Code    20  stm32f10x_rcc.o(.text)
    RCC_HSICmd                               0x080009ab   Thumb Code     6  stm32f10x_rcc.o(.text)
    RCC_PLLConfig                            0x080009b1   Thumb Code    24  stm32f10x_rcc.o(.text)
    RCC_PLLCmd                               0x080009c9   Thumb Code     6  stm32f10x_rcc.o(.text)
    RCC_SYSCLKConfig                         0x080009cf   Thumb Code    18  stm32f10x_rcc.o(.text)
    RCC_GetSYSCLKSource                      0x080009e1   Thumb Code    10  stm32f10x_rcc.o(.text)
    RCC_HCLKConfig                           0x080009eb   Thumb Code    18  stm32f10x_rcc.o(.text)
    RCC_PCLK1Config                          0x080009fd   Thumb Code    18  stm32f10x_rcc.o(.text)
    RCC_PCLK2Config                          0x08000a0f   Thumb Code    20  stm32f10x_rcc.o(.text)
    RCC_ITConfig                             0x08000a23   Thumb Code    26  stm32f10x_rcc.o(.text)
    RCC_USBCLKConfig                         0x08000a3d   Thumb Code     8  stm32f10x_rcc.o(.text)
    RCC_ADCCLKConfig                         0x08000a45   Thumb Code    18  stm32f10x_rcc.o(.text)
    RCC_LSEConfig                            0x08000a57   Thumb Code    50  stm32f10x_rcc.o(.text)
    RCC_LSICmd                               0x08000a89   Thumb Code     6  stm32f10x_rcc.o(.text)
    RCC_RTCCLKConfig                         0x08000a8f   Thumb Code    12  stm32f10x_rcc.o(.text)
    RCC_RTCCLKCmd                            0x08000a9b   Thumb Code     8  stm32f10x_rcc.o(.text)
    RCC_GetClocksFreq                        0x08000aa3   Thumb Code   192  stm32f10x_rcc.o(.text)
    RCC_AHBPeriphClockCmd                    0x08000b63   Thumb Code    26  stm32f10x_rcc.o(.text)
    RCC_APB2PeriphClockCmd                   0x08000b7d   Thumb Code    26  stm32f10x_rcc.o(.text)
    RCC_APB1PeriphClockCmd                   0x08000b97   Thumb Code    26  stm32f10x_rcc.o(.text)
    RCC_APB2PeriphResetCmd                   0x08000bb1   Thumb Code    26  stm32f10x_rcc.o(.text)
    RCC_APB1PeriphResetCmd                   0x08000bcb   Thumb Code    26  stm32f10x_rcc.o(.text)
    RCC_BackupResetCmd                       0x08000be5   Thumb Code     8  stm32f10x_rcc.o(.text)
    RCC_ClockSecuritySystemCmd               0x08000bed   Thumb Code     6  stm32f10x_rcc.o(.text)
    RCC_MCOConfig                            0x08000bf3   Thumb Code     6  stm32f10x_rcc.o(.text)
    RCC_ClearFlag                            0x08000bf9   Thumb Code    14  stm32f10x_rcc.o(.text)
    RCC_GetITStatus                          0x08000c07   Thumb Code    20  stm32f10x_rcc.o(.text)
    RCC_ClearITPendingBit                    0x08000c1b   Thumb Code     6  stm32f10x_rcc.o(.text)
    SPI_I2S_DeInit                           0x08000c45   Thumb Code    76  stm32f10x_spi.o(.text)
    SPI_Init                                 0x08000c91   Thumb Code    60  stm32f10x_spi.o(.text)
    I2S_Init                                 0x08000ccd   Thumb Code   226  stm32f10x_spi.o(.text)
    SPI_StructInit                           0x08000daf   Thumb Code    24  stm32f10x_spi.o(.text)
    I2S_StructInit                           0x08000dc7   Thumb Code    20  stm32f10x_spi.o(.text)
    SPI_Cmd                                  0x08000ddb   Thumb Code    24  stm32f10x_spi.o(.text)
    I2S_Cmd                                  0x08000df3   Thumb Code    24  stm32f10x_spi.o(.text)
    SPI_I2S_ITConfig                         0x08000e0b   Thumb Code    32  stm32f10x_spi.o(.text)
    SPI_I2S_DMACmd                           0x08000e2b   Thumb Code    18  stm32f10x_spi.o(.text)
    SPI_I2S_SendData                         0x08000e3d   Thumb Code     4  stm32f10x_spi.o(.text)
    SPI_I2S_ReceiveData                      0x08000e41   Thumb Code     6  stm32f10x_spi.o(.text)
    SPI_NSSInternalSoftwareConfig            0x08000e47   Thumb Code    30  stm32f10x_spi.o(.text)
    SPI_SSOutputCmd                          0x08000e65   Thumb Code    24  stm32f10x_spi.o(.text)
    SPI_DataSizeConfig                       0x08000e7d   Thumb Code    18  stm32f10x_spi.o(.text)
    SPI_TransmitCRC                          0x08000e8f   Thumb Code    10  stm32f10x_spi.o(.text)
    SPI_CalculateCRC                         0x08000e99   Thumb Code    24  stm32f10x_spi.o(.text)
    SPI_GetCRC                               0x08000eb1   Thumb Code    16  stm32f10x_spi.o(.text)
    SPI_GetCRCPolynomial                     0x08000ec1   Thumb Code     6  stm32f10x_spi.o(.text)
    SPI_BiDirectionalLineConfig              0x08000ec7   Thumb Code    28  stm32f10x_spi.o(.text)
    SPI_I2S_GetFlagStatus                    0x08000ee3   Thumb Code    18  stm32f10x_spi.o(.text)
    SPI_I2S_ClearFlag                        0x08000ef5   Thumb Code     6  stm32f10x_spi.o(.text)
    SPI_I2S_GetITStatus                      0x08000efb   Thumb Code    52  stm32f10x_spi.o(.text)
    SPI_I2S_ClearITPendingBit                0x08000f2f   Thumb Code    20  stm32f10x_spi.o(.text)
    TIM_DeInit                               0x08000f51   Thumb Code   424  stm32f10x_tim.o(.text)
    TIM_TimeBaseInit                         0x080010f9   Thumb Code   122  stm32f10x_tim.o(.text)
    TIM_OC1Init                              0x08001173   Thumb Code   132  stm32f10x_tim.o(.text)
    TIM_OC2Init                              0x080011f7   Thumb Code   154  stm32f10x_tim.o(.text)
    TIM_OC3Init                              0x08001291   Thumb Code   150  stm32f10x_tim.o(.text)
    TIM_OC4Init                              0x08001327   Thumb Code   182  stm32f10x_tim.o(.text)
    TIM_SetIC4Prescaler                      0x080013dd   Thumb Code    26  stm32f10x_tim.o(.text)
    TIM_SetIC3Prescaler                      0x08001479   Thumb Code    18  stm32f10x_tim.o(.text)
    TIM_SetIC2Prescaler                      0x08001505   Thumb Code    26  stm32f10x_tim.o(.text)
    TIM_SetIC1Prescaler                      0x080015a1   Thumb Code    18  stm32f10x_tim.o(.text)
    TIM_ICInit                               0x0800161f   Thumb Code   150  stm32f10x_tim.o(.text)
    TIM_PWMIConfig                           0x080016b5   Thumb Code   124  stm32f10x_tim.o(.text)
    TIM_BDTRConfig                           0x08001731   Thumb Code    32  stm32f10x_tim.o(.text)
    TIM_TimeBaseStructInit                   0x08001751   Thumb Code    18  stm32f10x_tim.o(.text)
    TIM_OCStructInit                         0x08001763   Thumb Code    20  stm32f10x_tim.o(.text)
    TIM_ICStructInit                         0x08001777   Thumb Code    18  stm32f10x_tim.o(.text)
    TIM_BDTRStructInit                       0x08001789   Thumb Code    40  stm32f10x_tim.o(.text)
    TIM_Cmd                                  0x080017b1   Thumb Code    24  stm32f10x_tim.o(.text)
    TIM_CtrlPWMOutputs                       0x080017c9   Thumb Code    30  stm32f10x_tim.o(.text)
    TIM_ITConfig                             0x080017e7   Thumb Code    18  stm32f10x_tim.o(.text)
    TIM_GenerateEvent                        0x080017f9   Thumb Code     4  stm32f10x_tim.o(.text)
    TIM_DMAConfig                            0x080017fd   Thumb Code    10  stm32f10x_tim.o(.text)
    TIM_DMACmd                               0x08001807   Thumb Code    18  stm32f10x_tim.o(.text)
    TIM_InternalClockConfig                  0x08001819   Thumb Code    12  stm32f10x_tim.o(.text)
    TIM_SelectInputTrigger                   0x08001825   Thumb Code    18  stm32f10x_tim.o(.text)
    TIM_ITRxExternalClockConfig              0x08001837   Thumb Code    24  stm32f10x_tim.o(.text)
    TIM_TIxExternalClockConfig               0x0800184f   Thumb Code    62  stm32f10x_tim.o(.text)
    TIM_ETRConfig                            0x0800188d   Thumb Code    28  stm32f10x_tim.o(.text)
    TIM_ETRClockMode1Config                  0x080018a9   Thumb Code    54  stm32f10x_tim.o(.text)
    TIM_ETRClockMode2Config                  0x080018df   Thumb Code    32  stm32f10x_tim.o(.text)
    TIM_PrescalerConfig                      0x080018ff   Thumb Code     6  stm32f10x_tim.o(.text)
    TIM_CounterModeConfig                    0x08001905   Thumb Code    18  stm32f10x_tim.o(.text)
    TIM_EncoderInterfaceConfig               0x08001917   Thumb Code    66  stm32f10x_tim.o(.text)
    TIM_ForcedOC1Config                      0x08001959   Thumb Code    18  stm32f10x_tim.o(.text)
    TIM_ForcedOC2Config                      0x0800196b   Thumb Code    26  stm32f10x_tim.o(.text)
    TIM_ForcedOC3Config                      0x08001985   Thumb Code    18  stm32f10x_tim.o(.text)
    TIM_ForcedOC4Config                      0x08001997   Thumb Code    26  stm32f10x_tim.o(.text)
    TIM_ARRPreloadConfig                     0x080019b1   Thumb Code    24  stm32f10x_tim.o(.text)
    TIM_SelectCOM                            0x080019c9   Thumb Code    24  stm32f10x_tim.o(.text)
    TIM_SelectCCDMA                          0x080019e1   Thumb Code    24  stm32f10x_tim.o(.text)
    TIM_CCPreloadControl                     0x080019f9   Thumb Code    24  stm32f10x_tim.o(.text)
    TIM_OC1PreloadConfig                     0x08001a11   Thumb Code    18  stm32f10x_tim.o(.text)
    TIM_OC2PreloadConfig                     0x08001a23   Thumb Code    26  stm32f10x_tim.o(.text)
    TIM_OC3PreloadConfig                     0x08001a3d   Thumb Code    18  stm32f10x_tim.o(.text)
    TIM_OC4PreloadConfig                     0x08001a4f   Thumb Code    26  stm32f10x_tim.o(.text)
    TIM_OC1FastConfig                        0x08001a69   Thumb Code    18  stm32f10x_tim.o(.text)
    TIM_OC2FastConfig                        0x08001a7b   Thumb Code    26  stm32f10x_tim.o(.text)
    TIM_OC3FastConfig                        0x08001a95   Thumb Code    18  stm32f10x_tim.o(.text)
    TIM_OC4FastConfig                        0x08001aa7   Thumb Code    26  stm32f10x_tim.o(.text)
    TIM_ClearOC1Ref                          0x08001ac1   Thumb Code    18  stm32f10x_tim.o(.text)
    TIM_ClearOC2Ref                          0x08001ad3   Thumb Code    24  stm32f10x_tim.o(.text)
    TIM_ClearOC3Ref                          0x08001aeb   Thumb Code    18  stm32f10x_tim.o(.text)
    TIM_ClearOC4Ref                          0x08001afd   Thumb Code    24  stm32f10x_tim.o(.text)
    TIM_OC1PolarityConfig                    0x08001b15   Thumb Code    18  stm32f10x_tim.o(.text)
    TIM_OC1NPolarityConfig                   0x08001b27   Thumb Code    18  stm32f10x_tim.o(.text)
    TIM_OC2PolarityConfig                    0x08001b39   Thumb Code    26  stm32f10x_tim.o(.text)
    TIM_OC2NPolarityConfig                   0x08001b53   Thumb Code    26  stm32f10x_tim.o(.text)
    TIM_OC3PolarityConfig                    0x08001b6d   Thumb Code    26  stm32f10x_tim.o(.text)
    TIM_OC3NPolarityConfig                   0x08001b87   Thumb Code    26  stm32f10x_tim.o(.text)
    TIM_OC4PolarityConfig                    0x08001ba1   Thumb Code    26  stm32f10x_tim.o(.text)
    TIM_CCxCmd                               0x08001bbb   Thumb Code    30  stm32f10x_tim.o(.text)
    TIM_CCxNCmd                              0x08001bd9   Thumb Code    30  stm32f10x_tim.o(.text)
    TIM_SelectOCxM                           0x08001bf7   Thumb Code    82  stm32f10x_tim.o(.text)
    TIM_UpdateDisableConfig                  0x08001c49   Thumb Code    24  stm32f10x_tim.o(.text)
    TIM_UpdateRequestConfig                  0x08001c61   Thumb Code    24  stm32f10x_tim.o(.text)
    TIM_SelectHallSensor                     0x08001c79   Thumb Code    24  stm32f10x_tim.o(.text)
    TIM_SelectOnePulseMode                   0x08001c91   Thumb Code    18  stm32f10x_tim.o(.text)
    TIM_SelectOutputTrigger                  0x08001ca3   Thumb Code    18  stm32f10x_tim.o(.text)
    TIM_SelectSlaveMode                      0x08001cb5   Thumb Code    18  stm32f10x_tim.o(.text)
    TIM_SelectMasterSlaveMode                0x08001cc7   Thumb Code    18  stm32f10x_tim.o(.text)
    TIM_SetCounter                           0x08001cd9   Thumb Code     4  stm32f10x_tim.o(.text)
    TIM_SetAutoreload                        0x08001cdd   Thumb Code     4  stm32f10x_tim.o(.text)
    TIM_SetCompare1                          0x08001ce1   Thumb Code     4  stm32f10x_tim.o(.text)
    TIM_SetCompare2                          0x08001ce5   Thumb Code     4  stm32f10x_tim.o(.text)
    TIM_SetCompare3                          0x08001ce9   Thumb Code     4  stm32f10x_tim.o(.text)
    TIM_SetCompare4                          0x08001ced   Thumb Code     6  stm32f10x_tim.o(.text)
    TIM_SetClockDivision                     0x08001cf3   Thumb Code    18  stm32f10x_tim.o(.text)
    TIM_GetCapture1                          0x08001d05   Thumb Code     6  stm32f10x_tim.o(.text)
    TIM_GetCapture2                          0x08001d0b   Thumb Code     6  stm32f10x_tim.o(.text)
    TIM_GetCapture3                          0x08001d11   Thumb Code     6  stm32f10x_tim.o(.text)
    TIM_GetCapture4                          0x08001d17   Thumb Code     8  stm32f10x_tim.o(.text)
    TIM_GetCounter                           0x08001d1f   Thumb Code     6  stm32f10x_tim.o(.text)
    TIM_GetPrescaler                         0x08001d25   Thumb Code     6  stm32f10x_tim.o(.text)
    TIM_GetFlagStatus                        0x08001d2b   Thumb Code    18  stm32f10x_tim.o(.text)
    TIM_ClearFlag                            0x08001d3d   Thumb Code     6  stm32f10x_tim.o(.text)
    TIM_GetITStatus                          0x08001d43   Thumb Code    34  stm32f10x_tim.o(.text)
    TIM_ClearITPendingBit                    0x08001d65   Thumb Code     6  stm32f10x_tim.o(.text)
    USART_DeInit                             0x08001d6d   Thumb Code   134  stm32f10x_usart.o(.text)
    USART_Init                               0x08001df3   Thumb Code   210  stm32f10x_usart.o(.text)
    USART_StructInit                         0x08001ec5   Thumb Code    24  stm32f10x_usart.o(.text)
    USART_ClockInit                          0x08001edd   Thumb Code    34  stm32f10x_usart.o(.text)
    USART_ClockStructInit                    0x08001eff   Thumb Code    12  stm32f10x_usart.o(.text)
    USART_Cmd                                0x08001f0b   Thumb Code    24  stm32f10x_usart.o(.text)
    USART_ITConfig                           0x08001f23   Thumb Code    74  stm32f10x_usart.o(.text)
    USART_DMACmd                             0x08001f6d   Thumb Code    18  stm32f10x_usart.o(.text)
    USART_SetAddress                         0x08001f7f   Thumb Code    18  stm32f10x_usart.o(.text)
    USART_WakeUpConfig                       0x08001f91   Thumb Code    18  stm32f10x_usart.o(.text)
    USART_ReceiverWakeUpCmd                  0x08001fa3   Thumb Code    24  stm32f10x_usart.o(.text)
    USART_LINBreakDetectLengthConfig         0x08001fbb   Thumb Code    18  stm32f10x_usart.o(.text)
    USART_LINCmd                             0x08001fcd   Thumb Code    24  stm32f10x_usart.o(.text)
    USART_SendData                           0x08001fe5   Thumb Code     8  stm32f10x_usart.o(.text)
    USART_ReceiveData                        0x08001fed   Thumb Code    10  stm32f10x_usart.o(.text)
    USART_SendBreak                          0x08001ff7   Thumb Code    10  stm32f10x_usart.o(.text)
    USART_SetGuardTime                       0x08002001   Thumb Code    16  stm32f10x_usart.o(.text)
    USART_SetPrescaler                       0x08002011   Thumb Code    16  stm32f10x_usart.o(.text)
    USART_SmartCardCmd                       0x08002021   Thumb Code    24  stm32f10x_usart.o(.text)
    USART_SmartCardNACKCmd                   0x08002039   Thumb Code    24  stm32f10x_usart.o(.text)
    USART_HalfDuplexCmd                      0x08002051   Thumb Code    24  stm32f10x_usart.o(.text)
    USART_OverSampling8Cmd                   0x08002069   Thumb Code    22  stm32f10x_usart.o(.text)
    USART_OneBitMethodCmd                    0x0800207f   Thumb Code    24  stm32f10x_usart.o(.text)
    USART_IrDAConfig                         0x08002097   Thumb Code    18  stm32f10x_usart.o(.text)
    USART_IrDACmd                            0x080020a9   Thumb Code    24  stm32f10x_usart.o(.text)
    USART_GetFlagStatus                      0x080020c1   Thumb Code    26  stm32f10x_usart.o(.text)
    USART_ClearFlag                          0x080020db   Thumb Code    18  stm32f10x_usart.o(.text)
    USART_GetITStatus                        0x080020ed   Thumb Code    84  stm32f10x_usart.o(.text)
    USART_ClearITPendingBit                  0x08002141   Thumb Code    52  stm32f10x_usart.o(.text)
    main                                     0x08002175   Thumb Code  1498  main.o(.text)
    NMI_Handler                              0x08002779   Thumb Code     2  stm32f10x_it.o(.text)
    HardFault_Handler                        0x0800277b   Thumb Code     4  stm32f10x_it.o(.text)
    MemManage_Handler                        0x0800277f   Thumb Code     4  stm32f10x_it.o(.text)
    BusFault_Handler                         0x08002783   Thumb Code     4  stm32f10x_it.o(.text)
    UsageFault_Handler                       0x08002787   Thumb Code     4  stm32f10x_it.o(.text)
    SVC_Handler                              0x0800278b   Thumb Code     2  stm32f10x_it.o(.text)
    DebugMon_Handler                         0x0800278d   Thumb Code     2  stm32f10x_it.o(.text)
    PendSV_Handler                           0x0800278f   Thumb Code     2  stm32f10x_it.o(.text)
    SysTick_Handler                          0x08002791   Thumb Code     2  stm32f10x_it.o(.text)
    TIM6_IRQHandler                          0x08002793   Thumb Code   198  stm32f10x_it.o(.text)
    TIM7_IRQHandler                          0x08002859   Thumb Code    84  stm32f10x_it.o(.text)
    USART3_IRQHandler                        0x080028ad   Thumb Code   112  stm32f10x_it.o(.text)
    EXTI0_IRQHandler                         0x0800291d   Thumb Code    30  stm32f10x_it.o(.text)
    EXTI15_10_IRQHandler                     0x0800293b   Thumb Code    34  stm32f10x_it.o(.text)
    TIM3_IRQHandler                          0x0800295d   Thumb Code    96  stm32f10x_it.o(.text)
    TIM4_IRQHandler                          0x080029bd   Thumb Code    82  stm32f10x_it.o(.text)
    TIM2_IRQHandler                          0x08002a0f   Thumb Code    32  stm32f10x_it.o(.text)
    TIM_Init                                 0x08002c47   Thumb Code    20  bsp_basictim.o(.text)
    BEEP_GPIO_Config                         0x08002c6d   Thumb Code    38  beep.o(.text)
    EXTI_Key_Config                          0x08002ccd   Thumb Code   140  bsp_key.o(.text)
    Key_Scan                                 0x08002d59   Thumb Code    40  bsp_key.o(.text)
    LED_GPIO_Config                          0x08002d89   Thumb Code    90  bsp_led.o(.text)
    USART_Config                             0x08002e0f   Thumb Code   136  bsp_usart.o(.text)
    Usart_SendByte                           0x08002e97   Thumb Code    30  bsp_usart.o(.text)
    Usart_SendArray                          0x08002eb5   Thumb Code    48  bsp_usart.o(.text)
    Usart_SendString                         0x08002ee5   Thumb Code    42  bsp_usart.o(.text)
    Usart_SendHalfWord                       0x08002f0f   Thumb Code    60  bsp_usart.o(.text)
    fputc                                    0x08002f4b   Thumb Code    32  bsp_usart.o(.text)
    fgetc                                    0x08002f6b   Thumb Code    26  bsp_usart.o(.text)
    delay_init                               0x08002f8d   Thumb Code    50  delay.o(.text)
    delay_us                                 0x08002fbf   Thumb Code    72  delay.o(.text)
    delay_ms                                 0x08003007   Thumb Code    72  delay.o(.text)
    SPI2_ReadWriteByte                       0x08003061   Thumb Code    78  spi.o(.text)
    SPI2_Init                                0x080030af   Thumb Code   138  spi.o(.text)
    SPI2_SetSpeed                            0x08003139   Thumb Code    36  spi.o(.text)
    SPI2_WriteData                           0x0800315d   Thumb Code    64  spi.o(.text)
    LCD_Write_HalfWord                       0x08003291   Thumb Code    36  tftlcd.o(.text)
    LCD_Address_Set                          0x080032b5   Thumb Code    82  tftlcd.o(.text)
    LCD_DisplayOn                            0x08003307   Thumb Code    10  tftlcd.o(.text)
    LCD_DisplayOff                           0x08003311   Thumb Code    10  tftlcd.o(.text)
    LCD_Clear                                0x0800331b   Thumb Code   100  tftlcd.o(.text)
    LCD_Fill                                 0x0800337f   Thumb Code   140  tftlcd.o(.text)
    LCD_Draw_Point                           0x0800340b   Thumb Code    28  tftlcd.o(.text)
    LCD_Draw_ColorPoint                      0x08003427   Thumb Code    28  tftlcd.o(.text)
    LCD_DrawLine                             0x08003443   Thumb Code   270  tftlcd.o(.text)
    LCD_DrawRectangle                        0x08003551   Thumb Code    64  tftlcd.o(.text)
    LCD_Draw_Circle                          0x08003591   Thumb Code   206  tftlcd.o(.text)
    LCD_ShowChar                             0x0800365f   Thumb Code   502  tftlcd.o(.text)
    LCD_ShowNum                              0x0800386b   Thumb Code   136  tftlcd.o(.text)
    LCD_ShowxNum                             0x080038f3   Thumb Code   172  tftlcd.o(.text)
    LCD_ShowString                           0x0800399f   Thumb Code    98  tftlcd.o(.text)
    LCD_Show_Image                           0x08003a01   Thumb Code    74  tftlcd.o(.text)
    Display_ALIENTEK_LOGO                    0x08003a4b   Thumb Code    24  tftlcd.o(.text)
    LCD_Init                                 0x08003a63   Thumb Code   440  tftlcd.o(.text)
    DHT11_Init                               0x08003c47   Thumb Code    16  bsp_dht11.o(.text)
    DHT11_Read_TempAndHumidity               0x08003ce7   Thumb Code   154  bsp_dht11.o(.text)
    Hcsr04_Get_Distance                      0x08003e1b   Thumb Code    44  hcsr04.o(.text)
    HCSR04_Init                              0x08003ec7   Thumb Code    12  hcsr04.o(.text)
    VL53L0X_GetVersion                       0x08003ee5   Thumb Code    24  vl53l0x_api.o(.text)
    VL53L0X_GetPalSpecVersion                0x08003efd   Thumb Code    24  vl53l0x_api.o(.text)
    VL53L0X_GetProductRevision               0x08003f15   Thumb Code    38  vl53l0x_api.o(.text)
    VL53L0X_GetDeviceInfo                    0x08003f3b   Thumb Code    22  vl53l0x_api.o(.text)
    VL53L0X_GetDeviceErrorStatus             0x08003f51   Thumb Code    34  vl53l0x_api.o(.text)
    VL53L0X_GetDeviceErrorString             0x08003f73   Thumb Code    22  vl53l0x_api.o(.text)
    VL53L0X_GetRangeStatusString             0x08003f89   Thumb Code    22  vl53l0x_api.o(.text)
    VL53L0X_GetPalErrorString                0x08003f9f   Thumb Code    22  vl53l0x_api.o(.text)
    VL53L0X_GetPalStateString                0x08003fb5   Thumb Code    22  vl53l0x_api.o(.text)
    VL53L0X_GetPalState                      0x08003fcb   Thumb Code    12  vl53l0x_api.o(.text)
    VL53L0X_GetVcselPulsePeriod              0x08003fd7   Thumb Code    30  vl53l0x_api.o(.text)
    VL53L0X_SetMeasurementTimingBudgetMicroSeconds 0x08003ff5   Thumb Code    22  vl53l0x_api.o(.text)
    VL53L0X_SetSequenceStepEnable            0x0800400b   Thumb Code   196  vl53l0x_api.o(.text)
    VL53L0X_GetFractionEnable                0x080040cf   Thumb Code    34  vl53l0x_api.o(.text)
    VL53L0X_GetMeasurementTimingBudgetMicroSeconds 0x080040f1   Thumb Code    22  vl53l0x_api.o(.text)
    VL53L0X_GetWrapAroundCheckEnable         0x08004107   Thumb Code    62  vl53l0x_api.o(.text)
    VL53L0X_GetLimitCheckEnable              0x08004145   Thumb Code    28  vl53l0x_api.o(.text)
    VL53L0X_GetLimitCheckValue               0x08004161   Thumb Code   182  vl53l0x_api.o(.text)
    VL53L0X_GetOffsetCalibrationDataMicroMeter 0x08004217   Thumb Code    22  vl53l0x_api.o(.text)
    VL53L0X_GetXTalkCompensationRateMegaCps  0x0800422d   Thumb Code    56  vl53l0x_api.o(.text)
    VL53L0X_GetInterMeasurementPeriodMilliSeconds 0x08004265   Thumb Code    62  vl53l0x_api.o(.text)
    VL53L0X_GetDeviceMode                    0x080042a3   Thumb Code    10  vl53l0x_api.o(.text)
    VL53L0X_GetDeviceParameters              0x080042ad   Thumb Code   160  vl53l0x_api.o(.text)
    VL53L0X_ClearInterruptMask               0x0800434d   Thumb Code    82  vl53l0x_api.o(.text)
    VL53L0X_SetGpioConfig                    0x0800439f   Thumb Code   358  vl53l0x_api.o(.text)
    VL53L0X_StaticInit                       0x08004505   Thumb Code   410  vl53l0x_api.o(.text)
    VL53L0X_SetPowerMode                     0x0800469f   Thumb Code    84  vl53l0x_api.o(.text)
    VL53L0X_GetPowerMode                     0x080046f3   Thumb Code    48  vl53l0x_api.o(.text)
    VL53L0X_SetOffsetCalibrationDataMicroMeter 0x08004723   Thumb Code    22  vl53l0x_api.o(.text)
    VL53L0X_SetLinearityCorrectiveGain       0x08004739   Thumb Code    50  vl53l0x_api.o(.text)
    VL53L0X_GetLinearityCorrectiveGain       0x0800476b   Thumb Code    12  vl53l0x_api.o(.text)
    VL53L0X_SetGroupParamHold                0x08004777   Thumb Code     8  vl53l0x_api.o(.text)
    VL53L0X_GetUpperLimitMilliMeter          0x0800477f   Thumb Code     8  vl53l0x_api.o(.text)
    VL53L0X_GetTotalSignalRate               0x08004787   Thumb Code    40  vl53l0x_api.o(.text)
    VL53L0X_SetDeviceAddress                 0x080047af   Thumb Code    36  vl53l0x_api.o(.text)
    VL53L0X_SetLimitCheckValue               0x080047d3   Thumb Code   118  vl53l0x_api.o(.text)
    VL53L0X_SetLimitCheckEnable              0x08004849   Thumb Code   194  vl53l0x_api.o(.text)
    VL53L0X_DataInit                         0x0800490b   Thumb Code   420  vl53l0x_api.o(.text)
    VL53L0X_SetTuningSettingBuffer           0x08004aaf   Thumb Code    40  vl53l0x_api.o(.text)
    VL53L0X_GetTuningSettingBuffer           0x08004ad7   Thumb Code    20  vl53l0x_api.o(.text)
    VL53L0X_WaitDeviceBooted                 0x08004aeb   Thumb Code     8  vl53l0x_api.o(.text)
    VL53L0X_ResetDevice                      0x08004af3   Thumb Code   102  vl53l0x_api.o(.text)
    VL53L0X_SetWrapAroundCheckEnable         0x08004b59   Thumb Code    80  vl53l0x_api.o(.text)
    VL53L0X_SetXTalkCompensationRateMegaCps  0x08004ba9   Thumb Code    64  vl53l0x_api.o(.text)
    VL53L0X_SetInterMeasurementPeriodMilliSeconds 0x08004be9   Thumb Code    60  vl53l0x_api.o(.text)
    VL53L0X_SetDeviceMode                    0x08004c25   Thumb Code    50  vl53l0x_api.o(.text)
    VL53L0X_SetDeviceParameters              0x08004c57   Thumb Code   146  vl53l0x_api.o(.text)
    VL53L0X_SetRangeFractionEnable           0x08004ce9   Thumb Code    30  vl53l0x_api.o(.text)
    VL53L0X_SetHistogramMode                 0x08004d07   Thumb Code     8  vl53l0x_api.o(.text)
    VL53L0X_GetHistogramMode                 0x08004d0f   Thumb Code     8  vl53l0x_api.o(.text)
    VL53L0X_SetVcselPulsePeriod              0x08004d17   Thumb Code    42  vl53l0x_api.o(.text)
    sequence_step_enabled                    0x08004d41   Thumb Code    72  vl53l0x_api.o(.text)
    VL53L0X_GetSequenceStepEnable            0x08004d89   Thumb Code    48  vl53l0x_api.o(.text)
    VL53L0X_GetSequenceStepEnables           0x08004db9   Thumb Code   118  vl53l0x_api.o(.text)
    VL53L0X_GetNumberOfSequenceSteps         0x08004e2f   Thumb Code    10  vl53l0x_api.o(.text)
    VL53L0X_GetSequenceStepsInfo             0x08004e39   Thumb Code    22  vl53l0x_api.o(.text)
    VL53L0X_SetSequenceStepTimeout           0x08004e4f   Thumb Code   110  vl53l0x_api.o(.text)
    VL53L0X_GetSequenceStepTimeout           0x08004ebd   Thumb Code    56  vl53l0x_api.o(.text)
    VL53L0X_SetXTalkCompensationEnable       0x08004ef5   Thumb Code    62  vl53l0x_api.o(.text)
    VL53L0X_GetXTalkCompensationEnable       0x08004f33   Thumb Code    12  vl53l0x_api.o(.text)
    VL53L0X_SetRefCalibration                0x08004f3f   Thumb Code    30  vl53l0x_api.o(.text)
    VL53L0X_GetRefCalibration                0x08004f5d   Thumb Code    30  vl53l0x_api.o(.text)
    VL53L0X_GetNumberOfLimitCheck            0x08004f7b   Thumb Code    10  vl53l0x_api.o(.text)
    VL53L0X_GetLimitCheckInfo                0x08004f85   Thumb Code    30  vl53l0x_api.o(.text)
    VL53L0X_GetLimitCheckStatus              0x08004fa3   Thumb Code    24  vl53l0x_api.o(.text)
    VL53L0X_GetLimitCheckCurrent             0x08004fbb   Thumb Code   136  vl53l0x_api.o(.text)
    VL53L0X_SetDmaxCalParameters             0x08005043   Thumb Code    62  vl53l0x_api.o(.text)
    VL53L0X_GetDmaxCalParameters             0x08005081   Thumb Code    20  vl53l0x_api.o(.text)
    VL53L0X_GetInterruptThresholds           0x08005095   Thumb Code    66  vl53l0x_api.o(.text)
    VL53L0X_CheckAndLoadInterruptSettings    0x080050d7   Thumb Code   126  vl53l0x_api.o(.text)
    VL53L0X_StartMeasurement                 0x08005155   Thumb Code   268  vl53l0x_api.o(.text)
    VL53L0X_PerformSingleMeasurement         0x08005261   Thumb Code    60  vl53l0x_api.o(.text)
    VL53L0X_PerformSingleHistogramMeasurement 0x0800529d   Thumb Code     8  vl53l0x_api.o(.text)
    VL53L0X_PerformRefCalibration            0x080052a5   Thumb Code    32  vl53l0x_api.o(.text)
    VL53L0X_PerformXTalkMeasurement          0x080052c5   Thumb Code    10  vl53l0x_api.o(.text)
    VL53L0X_PerformXTalkCalibration          0x080052cf   Thumb Code    30  vl53l0x_api.o(.text)
    VL53L0X_PerformOffsetCalibration         0x080052ed   Thumb Code    30  vl53l0x_api.o(.text)
    VL53L0X_StopMeasurement                  0x0800530b   Thumb Code   102  vl53l0x_api.o(.text)
    VL53L0X_GetInterruptMaskStatus           0x08005371   Thumb Code    48  vl53l0x_api.o(.text)
    VL53L0X_GetMeasurementDataReady          0x080053a1   Thumb Code    86  vl53l0x_api.o(.text)
    VL53L0X_WaitDeviceReadyForNewMeasurement 0x080053f7   Thumb Code     8  vl53l0x_api.o(.text)
    VL53L0X_GetRangingMeasurementData        0x080053ff   Thumb Code   372  vl53l0x_api.o(.text)
    VL53L0X_GetMeasurementRefSignal          0x08005573   Thumb Code    46  vl53l0x_api.o(.text)
    VL53L0X_GetHistogramMeasurementData      0x080055a1   Thumb Code     8  vl53l0x_api.o(.text)
    VL53L0X_PerformSingleRangingMeasurement  0x080055a9   Thumb Code    56  vl53l0x_api.o(.text)
    VL53L0X_SetNumberOfROIZones              0x080055e1   Thumb Code    12  vl53l0x_api.o(.text)
    VL53L0X_GetNumberOfROIZones              0x080055ed   Thumb Code    10  vl53l0x_api.o(.text)
    VL53L0X_GetMaxNumberOfROIZones           0x080055f7   Thumb Code    10  vl53l0x_api.o(.text)
    VL53L0X_GetGpioConfig                    0x08005601   Thumb Code   160  vl53l0x_api.o(.text)
    VL53L0X_SetInterruptThresholds           0x080056a1   Thumb Code    54  vl53l0x_api.o(.text)
    VL53L0X_GetStopCompletedStatus           0x080056d7   Thumb Code   154  vl53l0x_api.o(.text)
    VL53L0X_EnableInterruptMask              0x08005771   Thumb Code     8  vl53l0x_api.o(.text)
    VL53L0X_SetSpadAmbientDamperThreshold    0x08005779   Thumb Code    48  vl53l0x_api.o(.text)
    VL53L0X_GetSpadAmbientDamperThreshold    0x080057a9   Thumb Code    48  vl53l0x_api.o(.text)
    VL53L0X_SetSpadAmbientDamperFactor       0x080057d9   Thumb Code    54  vl53l0x_api.o(.text)
    VL53L0X_GetSpadAmbientDamperFactor       0x0800580f   Thumb Code    54  vl53l0x_api.o(.text)
    VL53L0X_SetReferenceSpads                0x08005845   Thumb Code    30  vl53l0x_api.o(.text)
    VL53L0X_GetReferenceSpads                0x08005863   Thumb Code    30  vl53l0x_api.o(.text)
    VL53L0X_PerformRefSpadManagement         0x08005881   Thumb Code    30  vl53l0x_api.o(.text)
    VL53L0X_perform_xtalk_calibration        0x080058a1   Thumb Code   296  vl53l0x_api_calibration.o(.text)
    VL53L0X_perform_offset_calibration       0x080059c9   Thumb Code   228  vl53l0x_api_calibration.o(.text)
    VL53L0X_set_offset_calibration_data_micro_meter 0x08005aad   Thumb Code    74  vl53l0x_api_calibration.o(.text)
    VL53L0X_get_offset_calibration_data_micro_meter 0x08005af7   Thumb Code    86  vl53l0x_api_calibration.o(.text)
    VL53L0X_apply_offset_adjustment          0x08005b4d   Thumb Code    58  vl53l0x_api_calibration.o(.text)
    get_next_good_spad                       0x08005b87   Thumb Code   104  vl53l0x_api_calibration.o(.text)
    is_aperture                              0x08005bef   Thumb Code    18  vl53l0x_api_calibration.o(.text)
    enable_spad_bit                          0x08005c01   Thumb Code    50  vl53l0x_api_calibration.o(.text)
    count_enabled_spads                      0x08005c33   Thumb Code   180  vl53l0x_api_calibration.o(.text)
    set_ref_spad_map                         0x08005ce7   Thumb Code    24  vl53l0x_api_calibration.o(.text)
    get_ref_spad_map                         0x08005cff   Thumb Code    24  vl53l0x_api_calibration.o(.text)
    enable_ref_spads                         0x08005d17   Thumb Code   172  vl53l0x_api_calibration.o(.text)
    perform_ref_signal_measurement           0x08005dc3   Thumb Code   110  vl53l0x_api_calibration.o(.text)
    VL53L0X_ref_calibration_io               0x08005e31   Thumb Code   190  vl53l0x_api_calibration.o(.text)
    VL53L0X_perform_single_ref_calibration   0x08005eef   Thumb Code    64  vl53l0x_api_calibration.o(.text)
    VL53L0X_perform_phase_calibration        0x08005f2f   Thumb Code   124  vl53l0x_api_calibration.o(.text)
    VL53L0X_perform_vhv_calibration          0x08005fab   Thumb Code   126  vl53l0x_api_calibration.o(.text)
    VL53L0X_perform_ref_calibration          0x08006029   Thumb Code    76  vl53l0x_api_calibration.o(.text)
    VL53L0X_perform_ref_spad_management      0x08006075   Thumb Code   658  vl53l0x_api_calibration.o(.text)
    VL53L0X_set_reference_spads              0x08006307   Thumb Code   194  vl53l0x_api_calibration.o(.text)
    VL53L0X_get_reference_spads              0x080063c9   Thumb Code   120  vl53l0x_api_calibration.o(.text)
    VL53L0X_set_ref_calibration              0x08006441   Thumb Code    46  vl53l0x_api_calibration.o(.text)
    VL53L0X_get_ref_calibration              0x0800646f   Thumb Code    48  vl53l0x_api_calibration.o(.text)
    VL53L0X_reverse_bytes                    0x080064a1   Thumb Code    34  vl53l0x_api_core.o(.text)
    VL53L0X_measurement_poll_for_completion  0x080064c3   Thumb Code    66  vl53l0x_api_core.o(.text)
    VL53L0X_decode_vcsel_period              0x08006505   Thumb Code    12  vl53l0x_api_core.o(.text)
    VL53L0X_encode_vcsel_period              0x08006511   Thumb Code    14  vl53l0x_api_core.o(.text)
    VL53L0X_isqrt                            0x0800651f   Thumb Code    44  vl53l0x_api_core.o(.text)
    VL53L0X_quadrature_sum                   0x0800654b   Thumb Code    44  vl53l0x_api_core.o(.text)
    VL53L0X_device_read_strobe               0x08006577   Thumb Code    82  vl53l0x_api_core.o(.text)
    VL53L0X_get_info_from_device             0x080065c9   Thumb Code  1354  vl53l0x_api_core.o(.text)
    VL53L0X_calc_macro_period_ps             0x08006b13   Thumb Code    22  vl53l0x_api_core.o(.text)
    VL53L0X_encode_timeout                   0x08006b29   Thumb Code    40  vl53l0x_api_core.o(.text)
    VL53L0X_decode_timeout                   0x08006b51   Thumb Code    14  vl53l0x_api_core.o(.text)
    VL53L0X_calc_timeout_mclks               0x08006b5f   Thumb Code    52  vl53l0x_api_core.o(.text)
    VL53L0X_calc_timeout_us                  0x08006b93   Thumb Code    52  vl53l0x_api_core.o(.text)
    get_sequence_step_timeout                0x08006bc7   Thumb Code   290  vl53l0x_api_core.o(.text)
    set_sequence_step_timeout                0x08006ce9   Thumb Code   306  vl53l0x_api_core.o(.text)
    VL53L0X_set_vcsel_pulse_period           0x08006e1b   Thumb Code   766  vl53l0x_api_core.o(.text)
    VL53L0X_get_vcsel_pulse_period           0x08007119   Thumb Code    70  vl53l0x_api_core.o(.text)
    VL53L0X_set_measurement_timing_budget_micro_seconds 0x0800715f   Thumb Code   294  vl53l0x_api_core.o(.text)
    VL53L0X_get_measurement_timing_budget_micro_seconds 0x08007285   Thumb Code   238  vl53l0x_api_core.o(.text)
    VL53L0X_load_tuning_settings             0x08007373   Thumb Code   234  vl53l0x_api_core.o(.text)
    VL53L0X_get_total_xtalk_rate             0x0800745d   Thumb Code    58  vl53l0x_api_core.o(.text)
    VL53L0X_get_total_signal_rate            0x08007497   Thumb Code    40  vl53l0x_api_core.o(.text)
    VL53L0X_calc_dmax                        0x080074bf   Thumb Code   390  vl53l0x_api_core.o(.text)
    VL53L0X_calc_sigma_estimate              0x08007645   Thumb Code   788  vl53l0x_api_core.o(.text)
    VL53L0X_get_pal_range_status             0x08007959   Thumb Code   564  vl53l0x_api_core.o(.text)
    VL53L0X_check_part_used                  0x08007b8d   Thumb Code    74  vl53l0x_api_strings.o(.text)
    VL53L0X_get_device_info                  0x08007bd7   Thumb Code   152  vl53l0x_api_strings.o(.text)
    VL53L0X_get_device_error_string          0x08007c6f   Thumb Code   198  vl53l0x_api_strings.o(.text)
    VL53L0X_get_range_status_string          0x08007d35   Thumb Code    98  vl53l0x_api_strings.o(.text)
    VL53L0X_get_pal_error_string             0x08007d97   Thumb Code   298  vl53l0x_api_strings.o(.text)
    VL53L0X_get_pal_state_string             0x08007ec1   Thumb Code  1078  vl53l0x_api_strings.o(.text)
    VL53L0X_get_sequence_steps_info          0x080082f7   Thumb Code    84  vl53l0x_api_strings.o(.text)
    VL53L0X_get_limit_check_info             0x0800834b   Thumb Code   106  vl53l0x_api_strings.o(.text)
    print_pal_error                          0x080084d1   Thumb Code    28  vl53l0x.o(.text)
    mode_string                              0x080084ed   Thumb Code    66  vl53l0x.o(.text)
    vl53l0x_Addr_set                         0x0800852f   Thumb Code   150  vl53l0x.o(.text)
    vl53l0x_reset                            0x080085c5   Thumb Code    28  vl53l0x.o(.text)
    vl53l0x_set_mode                         0x08008635   Thumb Code   298  vl53l0x_gen.o(.text)
    vl53l0x_start_single_test                0x0800875f   Thumb Code    34  vl53l0x_gen.o(.text)
    vl53l0x_general_start                    0x08008781   Thumb Code    88  vl53l0x_gen.o(.text)
    vl53l0x_general_test                     0x080087d9   Thumb Code    16  vl53l0x_gen.o(.text)
    VL53L0X_i2c_init                         0x08008841   Thumb Code    46  vl53l0x_i2c.o(.text)
    VL_IIC_Start                             0x0800886f   Thumb Code    64  vl53l0x_i2c.o(.text)
    VL_IIC_Stop                              0x080088af   Thumb Code    66  vl53l0x_i2c.o(.text)
    VL_IIC_Wait_Ack                          0x080088f1   Thumb Code    86  vl53l0x_i2c.o(.text)
    VL_IIC_Ack                               0x08008947   Thumb Code    70  vl53l0x_i2c.o(.text)
    VL_IIC_NAck                              0x0800898d   Thumb Code    70  vl53l0x_i2c.o(.text)
    VL_IIC_Send_Byte                         0x080089d3   Thumb Code   104  vl53l0x_i2c.o(.text)
    VL_IIC_Read_Byte                         0x08008a3b   Thumb Code   100  vl53l0x_i2c.o(.text)
    VL_IIC_Write_1Byte                       0x08008a9f   Thumb Code    60  vl53l0x_i2c.o(.text)
    VL_IIC_Read_1Byte                        0x08008adb   Thumb Code    74  vl53l0x_i2c.o(.text)
    VL_IIC_Write_nByte                       0x08008b25   Thumb Code    80  vl53l0x_i2c.o(.text)
    VL_IIC_Read_nByte                        0x08008b75   Thumb Code   106  vl53l0x_i2c.o(.text)
    VL53L0X_write_multi                      0x08008bdf   Thumb Code    40  vl53l0x_i2c.o(.text)
    VL53L0X_read_multi                       0x08008c07   Thumb Code    40  vl53l0x_i2c.o(.text)
    VL53L0X_write_byte                       0x08008c2f   Thumb Code    38  vl53l0x_i2c.o(.text)
    VL53L0X_write_word                       0x08008c55   Thumb Code    86  vl53l0x_i2c.o(.text)
    VL53L0X_write_dword                      0x08008cab   Thumb Code    52  vl53l0x_i2c.o(.text)
    VL53L0X_read_byte                        0x08008cdf   Thumb Code    32  vl53l0x_i2c.o(.text)
    VL53L0X_read_word                        0x08008cff   Thumb Code    42  vl53l0x_i2c.o(.text)
    VL53L0X_read_dword                       0x08008d29   Thumb Code    58  vl53l0x_i2c.o(.text)
    VL53L0X_WriteMulti                       0x08008d63   Thumb Code    60  vl53l0x_platform.o(.text)
    VL53L0X_ReadMulti                        0x08008d9f   Thumb Code    54  vl53l0x_platform.o(.text)
    VL53L0X_WrByte                           0x08008dd5   Thumb Code    44  vl53l0x_platform.o(.text)
    VL53L0X_WrWord                           0x08008e01   Thumb Code    44  vl53l0x_platform.o(.text)
    VL53L0X_WrDWord                          0x08008e2d   Thumb Code    44  vl53l0x_platform.o(.text)
    VL53L0X_UpdateByte                       0x08008e59   Thumb Code    82  vl53l0x_platform.o(.text)
    VL53L0X_RdByte                           0x08008eab   Thumb Code    44  vl53l0x_platform.o(.text)
    VL53L0X_RdWord                           0x08008ed7   Thumb Code    44  vl53l0x_platform.o(.text)
    VL53L0X_RdDWord                          0x08008f03   Thumb Code    44  vl53l0x_platform.o(.text)
    VL53L0X_PollingDelay                     0x08008f2f   Thumb Code    26  vl53l0x_platform.o(.text)
    USART_printf                             0x08008fab   Thumb Code   262  common.o(.text)
    ESP8266_Init                             0x080091ad   Thumb Code    32  bsp_esp8266.o(.text)
    ESP8266_Rst                              0x080091cd   Thumb Code    32  bsp_esp8266.o(.text)
    ESP8266_Cmd                              0x080091ed   Thumb Code   164  bsp_esp8266.o(.text)
    ESP8266_AT_Test                          0x08009291   Thumb Code    58  bsp_esp8266.o(.text)
    ESP8266_Net_Mode_Choose                  0x080092cb   Thumb Code    68  bsp_esp8266.o(.text)
    ESP8266_JoinAP                           0x0800930f   Thumb Code    38  bsp_esp8266.o(.text)
    ESP8266_BuildAP                          0x08009335   Thumb Code    42  bsp_esp8266.o(.text)
    ESP8266_Enable_MultipleId                0x0800935f   Thumb Code    42  bsp_esp8266.o(.text)
    ESP8266_Link_Server                      0x08009389   Thumb Code   110  bsp_esp8266.o(.text)
    ESP8266_StartOrShutServer                0x080093f7   Thumb Code   104  bsp_esp8266.o(.text)
    ESP8266_Get_LinkStatus                   0x0800945f   Thumb Code    64  bsp_esp8266.o(.text)
    ESP8266_Get_IdLinkStatus                 0x0800949f   Thumb Code   486  bsp_esp8266.o(.text)
    ESP8266_Inquire_ApIp                     0x08009685   Thumb Code    80  bsp_esp8266.o(.text)
    ESP8266_UnvarnishSend                    0x080096d5   Thumb Code    42  bsp_esp8266.o(.text)
    ESP8266_ExitUnvarnishSend                0x080096ff   Thumb Code    28  bsp_esp8266.o(.text)
    ESP8266_SendString                       0x0800971b   Thumb Code   102  bsp_esp8266.o(.text)
    ESP8266_ReceiveString                    0x08009781   Thumb Code    88  bsp_esp8266.o(.text)
    ESP8266_CWLIF                            0x080097d9   Thumb Code    86  bsp_esp8266.o(.text)
    ESP8266_CIPAP                            0x0800982f   Thumb Code    44  bsp_esp8266.o(.text)
    __aeabi_memcpy                           0x0800991d   Thumb Code    36  memcpya.o(.text)
    __aeabi_memcpy4                          0x0800991d   Thumb Code     0  memcpya.o(.text)
    __aeabi_memcpy8                          0x0800991d   Thumb Code     0  memcpya.o(.text)
    __aeabi_memset                           0x08009941   Thumb Code    14  memseta.o(.text)
    __aeabi_memset4                          0x08009941   Thumb Code     0  memseta.o(.text)
    __aeabi_memset8                          0x08009941   Thumb Code     0  memseta.o(.text)
    __aeabi_memclr                           0x0800994f   Thumb Code     4  memseta.o(.text)
    __aeabi_memclr4                          0x0800994f   Thumb Code     0  memseta.o(.text)
    __aeabi_memclr8                          0x0800994f   Thumb Code     0  memseta.o(.text)
    _memset$wrapper                          0x08009953   Thumb Code    18  memseta.o(.text)
    strcat                                   0x08009965   Thumb Code    24  strcat.o(.text)
    strstr                                   0x0800997d   Thumb Code    36  strstr.o(.text)
    strcpy                                   0x080099a1   Thumb Code    18  strcpy.o(.text)
    __aeabi_fadd                             0x080099b3   Thumb Code   164  fadd.o(.text)
    __aeabi_fsub                             0x08009a57   Thumb Code     6  fadd.o(.text)
    __aeabi_frsub                            0x08009a5d   Thumb Code     6  fadd.o(.text)
    __aeabi_fdiv                             0x08009a63   Thumb Code   124  fdiv.o(.text)
    __aeabi_i2f                              0x08009adf   Thumb Code    18  fflti.o(.text)
    __aeabi_f2uiz                            0x08009af1   Thumb Code    40  ffixui.o(.text)
    __aeabi_uldivmod                         0x08009b19   Thumb Code    98  uldiv.o(.text)
    __I$use$fp                               0x08009b7b   Thumb Code     0  iusefp.o(.text)
    _float_round                             0x08009b7b   Thumb Code    18  fepilogue.o(.text)
    _float_epilogue                          0x08009b8d   Thumb Code    92  fepilogue.o(.text)
    __scatterload                            0x08009be9   Thumb Code    28  init.o(.text)
    __scatterload_rt2                        0x08009be9   Thumb Code     0  init.o(.text)
    __aeabi_llsl                             0x08009c0d   Thumb Code    30  llshl.o(.text)
    _ll_shift_l                              0x08009c0d   Thumb Code     0  llshl.o(.text)
    __aeabi_llsr                             0x08009c2b   Thumb Code    32  llushr.o(.text)
    _ll_ushift_r                             0x08009c2b   Thumb Code     0  llushr.o(.text)
    __decompress                             0x08009c4b   Thumb Code     0  __dczerorl2.o(.text)
    __decompress1                            0x08009c4b   Thumb Code    86  __dczerorl2.o(.text)
    __0printf$8                              0x08009ca1   Thumb Code    22  printf8.o(i.__0printf$8)
    __1printf$8                              0x08009ca1   Thumb Code     0  printf8.o(i.__0printf$8)
    __2printf                                0x08009ca1   Thumb Code     0  printf8.o(i.__0printf$8)
    __0sprintf$8                             0x08009cc1   Thumb Code    34  printf8.o(i.__0sprintf$8)
    __1sprintf$8                             0x08009cc1   Thumb Code     0  printf8.o(i.__0sprintf$8)
    __2sprintf                               0x08009cc1   Thumb Code     0  printf8.o(i.__0sprintf$8)
    __scatterload_copy                       0x08009ce9   Thumb Code    14  handlers.o(i.__scatterload_copy)
    __scatterload_null                       0x08009cf7   Thumb Code     2  handlers.o(i.__scatterload_null)
    __scatterload_zeroinit                   0x08009cf9   Thumb Code    14  handlers.o(i.__scatterload_zeroinit)
    asc2_1206                                0x0800a168   Data        1140  tftlcd.o(.constdata)
    asc2_1608                                0x0800a5dc   Data        1520  tftlcd.o(.constdata)
    asc2_2412                                0x0800abcc   Data        4560  tftlcd.o(.constdata)
    asc2_3216                                0x0800bd9c   Data       12160  tftlcd.o(.constdata)
    ALIENTEK_LOGO                            0x0800ed1c   Data       39360  tftlcd.o(.constdata)
    Region$$Table$$Base                      0x080186dc   Number         0  anon$$obj.o(Region$$Table)
    Region$$Table$$Limit                     0x080186fc   Number         0  anon$$obj.o(Region$$Table)
    SystemCoreClock                          0x20000000   Data           4  system_stm32f10x.o(.data)
    AHBPrescTable                            0x20000004   Data          16  system_stm32f10x.o(.data)
    t                                        0x20000028   Data           1  main.o(.data)
    temperature                              0x20000029   Data           1  main.o(.data)
    humidity                                 0x2000002a   Data           1  main.o(.data)
    dist                                     0x2000002c   Data           2  main.o(.data)
    dist_cnt                                 0x2000002e   Data           1  main.o(.data)
    ROOM_STATUS                              0x20000030   Data          16  main.o(.data)
    room_status                              0x20000040   Data           4  main.o(.data)
    Status                                   0x20000044   Data           1  main.o(.data)
    show_time_1                              0x20000048   Data           4  main.o(.data)
    show_time_2                              0x2000004c   Data           4  main.o(.data)
    time_1_counter                           0x20000050   Data           4  main.o(.data)
    time_2_counter                           0x20000054   Data           4  main.o(.data)
    LED_1_counter                            0x20000058   Data           4  main.o(.data)
    LED_2_counter                            0x2000005c   Data           4  main.o(.data)
    LED_RED_Signal                           0x20000060   Data           4  main.o(.data)
    unit_time                                0x20000064   Data           4  main.o(.data)
    unit_LED                                 0x20000068   Data           4  main.o(.data)
    User_Fine                                0x2000006c   Data           4  main.o(.data)
    laser_safe_distance                      0x20000070   Data           4  main.o(.data)
    echo_time                                0x20000074   Data           4  main.o(.data)
    UltraWave_Distance                       0x20000078   Data           2  main.o(.data)
    UltraWave_safe_distance                  0x2000007c   Data           4  main.o(.data)
    BEEP_Counter                             0x20000080   Data           4  main.o(.data)
    BEEP_Interval                            0x20000084   Data           4  main.o(.data)
    POINT_COLOR                              0x2000008c   Data           2  tftlcd.o(.data)
    BACK_COLOR                               0x2000008e   Data           2  tftlcd.o(.data)
    DefaultTuningSettings                    0x20000090   Data         243  vl53l0x_api.o(.data)
    InterruptThresholdSettings               0x20000183   Data         438  vl53l0x_api.o(.data)
    refArrayQuadrants                        0x2000033c   Data          16  vl53l0x_api_calibration.o(.data)
    AjustOK                                  0x2000034c   Data           1  vl53l0x.o(.data)
    Mode_data                                0x2000034d   Data          56  vl53l0x.o(.data)
    Distance_data                            0x20000386   Data           2  vl53l0x_gen.o(.data)
    __stdout                                 0x20000388   Data           4  stdout.o(.data)
    str_temperature                          0x2000038c   Data          16  main.o(.bss)
    str_humidity                             0x2000039c   Data          16  main.o(.bss)
    string                                   0x200003ac   Data          16  main.o(.bss)
    str_distance_1_busy                      0x200003bc   Data          36  main.o(.bss)
    str_distance_1_available                 0x200003e0   Data          36  main.o(.bss)
    str_room_1_time                          0x20000404   Data          36  main.o(.bss)
    str_room_2_time                          0x20000428   Data          36  main.o(.bss)
    cStr                                     0x2000044c   Data         100  main.o(.bss)
    WIFI_Information                         0x200004b0   Data         100  main.o(.bss)
    vl53l0x_dev                              0x20000994   Data         352  vl53l0x.o(.bss)
    vl53l0x_dev_info                         0x20000af4   Data          99  vl53l0x.o(.bss)
    vl53l0x_data                             0x20000b58   Data          28  vl53l0x_gen.o(.bss)
    strEsp8266_Fram_Record                   0x20000b74   Data        1026  bsp_esp8266.o(.bss)
    __initial_sp                             0x20001378   Data           0  startup_stm32f10x_hd.o(STACK)



==============================================================================

Memory Map of the image

  Image Entry point : 0x08000131

  Load Region LR_IROM1 (Base: 0x08000000, Size: 0x00018a88, Max: 0x00080000, ABSOLUTE, COMPRESSED[0x000189dc])

    Execution Region ER_IROM1 (Exec base: 0x08000000, Load base: 0x08000000, Size: 0x000186fc, Max: 0x00080000, ABSOLUTE)

    Exec Addr    Load Addr    Size         Type   Attr      Idx    E Section Name        Object

    0x08000000   0x08000000   0x00000130   Data   RO            3    RESET               startup_stm32f10x_hd.o
    0x08000130   0x08000130   0x00000000   Code   RO          909  * .ARM.Collect$$$$00000000  mc_w.l(entry.o)
    0x08000130   0x08000130   0x00000004   Code   RO         1193    .ARM.Collect$$$$00000001  mc_w.l(entry2.o)
    0x08000134   0x08000134   0x00000004   Code   RO         1196    .ARM.Collect$$$$00000004  mc_w.l(entry5.o)
    0x08000138   0x08000138   0x00000000   Code   RO         1198    .ARM.Collect$$$$00000008  mc_w.l(entry7b.o)
    0x08000138   0x08000138   0x00000000   Code   RO         1200    .ARM.Collect$$$$0000000A  mc_w.l(entry8b.o)
    0x08000138   0x08000138   0x00000008   Code   RO         1201    .ARM.Collect$$$$0000000B  mc_w.l(entry9a.o)
    0x08000140   0x08000140   0x00000004   Code   RO         1208    .ARM.Collect$$$$0000000E  mc_w.l(entry12b.o)
    0x08000144   0x08000144   0x00000000   Code   RO         1203    .ARM.Collect$$$$0000000F  mc_w.l(entry10a.o)
    0x08000144   0x08000144   0x00000000   Code   RO         1205    .ARM.Collect$$$$00000011  mc_w.l(entry11a.o)
    0x08000144   0x08000144   0x00000004   Code   RO         1194    .ARM.Collect$$$$00002712  mc_w.l(entry2.o)
    0x08000148   0x08000148   0x00000024   Code   RO            4    .text               startup_stm32f10x_hd.o
    0x0800016c   0x0800016c   0x000001e0   Code   RO           24    .text               system_stm32f10x.o
    0x0800034c   0x0800034c   0x000000dc   Code   RO          121    .text               misc.o
    0x08000428   0x08000428   0x0000011c   Code   RO          233    .text               stm32f10x_exti.o
    0x08000544   0x08000544   0x0000035c   Code   RO          269    .text               stm32f10x_gpio.o
    0x080008a0   0x080008a0   0x000003a4   Code   RO          317    .text               stm32f10x_rcc.o
    0x08000c44   0x08000c44   0x0000030c   Code   RO          355    .text               stm32f10x_spi.o
    0x08000f50   0x08000f50   0x00000e1a   Code   RO          367    .text               stm32f10x_tim.o
    0x08001d6a   0x08001d6a   0x00000002   PAD
    0x08001d6c   0x08001d6c   0x00000408   Code   RO          379    .text               stm32f10x_usart.o
    0x08002174   0x08002174   0x00000604   Code   RO          403    .text               main.o
    0x08002778   0x08002778   0x00000334   Code   RO          513    .text               stm32f10x_it.o
    0x08002aac   0x08002aac   0x000001c0   Code   RO          529    .text               bsp_basictim.o
    0x08002c6c   0x08002c6c   0x0000002c   Code   RO          541    .text               beep.o
    0x08002c98   0x08002c98   0x000000f0   Code   RO          553    .text               bsp_key.o
    0x08002d88   0x08002d88   0x00000060   Code   RO          565    .text               bsp_led.o
    0x08002de8   0x08002de8   0x000001a4   Code   RO          580    .text               bsp_usart.o
    0x08002f8c   0x08002f8c   0x000000d4   Code   RO          592    .text               delay.o
    0x08003060   0x08003060   0x00000144   Code   RO          618    .text               spi.o
    0x080031a4   0x080031a4   0x00000a7c   Code   RO          633    .text               tftlcd.o
    0x08003c20   0x08003c20   0x00000164   Code   RO          657    .text               bsp_dht11.o
    0x08003d84   0x08003d84   0x00000160   Code   RO          672    .text               hcsr04.o
    0x08003ee4   0x08003ee4   0x000019ba   Code   RO          685    .text               vl53l0x_api.o
    0x0800589e   0x0800589e   0x00000002   PAD
    0x080058a0   0x080058a0   0x00000bfe   Code   RO          751    .text               vl53l0x_api_calibration.o
    0x0800649e   0x0800649e   0x00000002   PAD
    0x080064a0   0x080064a0   0x000016ec   Code   RO          766    .text               vl53l0x_api_core.o
    0x08007b8c   0x08007b8c   0x00000944   Code   RO          784    .text               vl53l0x_api_strings.o
    0x080084d0   0x080084d0   0x00000164   Code   RO          796    .text               vl53l0x.o
    0x08008634   0x08008634   0x0000020c   Code   RO          826    .text               vl53l0x_gen.o
    0x08008840   0x08008840   0x00000522   Code   RO          849    .text               vl53l0x_i2c.o
    0x08008d62   0x08008d62   0x000001e6   Code   RO          861    .text               vl53l0x_platform.o
    0x08008f48   0x08008f48   0x00000168   Code   RO          876    .text               common.o
    0x080090b0   0x080090b0   0x0000086c   Code   RO          891    .text               bsp_esp8266.o
    0x0800991c   0x0800991c   0x00000024   Code   RO          912    .text               mc_w.l(memcpya.o)
    0x08009940   0x08009940   0x00000024   Code   RO          914    .text               mc_w.l(memseta.o)
    0x08009964   0x08009964   0x00000018   Code   RO          916    .text               mc_w.l(strcat.o)
    0x0800997c   0x0800997c   0x00000024   Code   RO          918    .text               mc_w.l(strstr.o)
    0x080099a0   0x080099a0   0x00000012   Code   RO          920    .text               mc_w.l(strcpy.o)
    0x080099b2   0x080099b2   0x000000b0   Code   RO         1185    .text               mf_w.l(fadd.o)
    0x08009a62   0x08009a62   0x0000007c   Code   RO         1187    .text               mf_w.l(fdiv.o)
    0x08009ade   0x08009ade   0x00000012   Code   RO         1189    .text               mf_w.l(fflti.o)
    0x08009af0   0x08009af0   0x00000028   Code   RO         1191    .text               mf_w.l(ffixui.o)
    0x08009b18   0x08009b18   0x00000062   Code   RO         1212    .text               mc_w.l(uldiv.o)
    0x08009b7a   0x08009b7a   0x00000000   Code   RO         1214    .text               mc_w.l(iusefp.o)
    0x08009b7a   0x08009b7a   0x0000006e   Code   RO         1215    .text               mf_w.l(fepilogue.o)
    0x08009be8   0x08009be8   0x00000024   Code   RO         1227    .text               mc_w.l(init.o)
    0x08009c0c   0x08009c0c   0x0000001e   Code   RO         1229    .text               mc_w.l(llshl.o)
    0x08009c2a   0x08009c2a   0x00000020   Code   RO         1231    .text               mc_w.l(llushr.o)
    0x08009c4a   0x08009c4a   0x00000056   Code   RO         1245    .text               mc_w.l(__dczerorl2.o)
    0x08009ca0   0x08009ca0   0x00000020   Code   RO         1131    i.__0printf$8       mc_w.l(printf8.o)
    0x08009cc0   0x08009cc0   0x00000028   Code   RO         1133    i.__0sprintf$8      mc_w.l(printf8.o)
    0x08009ce8   0x08009ce8   0x0000000e   Code   RO         1239    i.__scatterload_copy  mc_w.l(handlers.o)
    0x08009cf6   0x08009cf6   0x00000002   Code   RO         1240    i.__scatterload_null  mc_w.l(handlers.o)
    0x08009cf8   0x08009cf8   0x0000000e   Code   RO         1241    i.__scatterload_zeroinit  mc_w.l(handlers.o)
    0x08009d06   0x08009d06   0x00000002   PAD
    0x08009d08   0x08009d08   0x00000404   Code   RO         1138    i._printf_core      mc_w.l(printf8.o)
    0x0800a10c   0x0800a10c   0x00000024   Code   RO         1139    i._printf_post_padding  mc_w.l(printf8.o)
    0x0800a130   0x0800a130   0x0000002e   Code   RO         1140    i._printf_pre_padding  mc_w.l(printf8.o)
    0x0800a15e   0x0800a15e   0x0000000a   Code   RO         1142    i._sputc            mc_w.l(printf8.o)
    0x0800a168   0x0800a168   0x0000e574   Data   RO          635    .constdata          tftlcd.o
    0x080186dc   0x080186dc   0x00000020   Data   RO         1237    Region$$Table       anon$$obj.o


    Execution Region RW_IRAM1 (Exec base: 0x20000000, Load base: 0x080186fc, Size: 0x00001378, Max: 0x00010000, ABSOLUTE, COMPRESSED[0x000002e0])

    Exec Addr    Load Addr    Size         Type   Attr      Idx    E Section Name        Object

    0x20000000   COMPRESSED   0x00000014   Data   RW           25    .data               system_stm32f10x.o
    0x20000014   COMPRESSED   0x00000014   Data   RW          318    .data               stm32f10x_rcc.o
    0x20000028   COMPRESSED   0x00000060   Data   RW          405    .data               main.o
    0x20000088   COMPRESSED   0x00000004   Data   RW          593    .data               delay.o
    0x2000008c   COMPRESSED   0x00000004   Data   RW          636    .data               tftlcd.o
    0x20000090   COMPRESSED   0x000002a9   Data   RW          686    .data               vl53l0x_api.o
    0x20000339   COMPRESSED   0x00000003   PAD
    0x2000033c   COMPRESSED   0x00000010   Data   RW          752    .data               vl53l0x_api_calibration.o
    0x2000034c   COMPRESSED   0x00000039   Data   RW          798    .data               vl53l0x.o
    0x20000385   COMPRESSED   0x00000001   PAD
    0x20000386   COMPRESSED   0x00000002   Data   RW          828    .data               vl53l0x_gen.o
    0x20000388   COMPRESSED   0x00000004   Data   RW         1209    .data               mc_w.l(stdout.o)
    0x2000038c        -       0x00000188   Zero   RW          404    .bss                main.o
    0x20000514        -       0x00000480   Zero   RW          634    .bss                tftlcd.o
    0x20000994        -       0x000001c3   Zero   RW          797    .bss                vl53l0x.o
    0x20000b57   COMPRESSED   0x00000001   PAD
    0x20000b58        -       0x0000001c   Zero   RW          827    .bss                vl53l0x_gen.o
    0x20000b74        -       0x00000402   Zero   RW          892    .bss                bsp_esp8266.o
    0x20000f76   COMPRESSED   0x00000002   PAD
    0x20000f78        -       0x00000400   Zero   RW            1    STACK               startup_stm32f10x_hd.o


==============================================================================

Image component sizes


      Code (inc. data)   RO Data    RW Data    ZI Data      Debug   Object Name

        44          6          0          0          0        527   beep.o
       448         18          0          0          0       1427   bsp_basictim.o
       356          4          0          0          0       2792   bsp_dht11.o
      2156        550          0          0       1026       9405   bsp_esp8266.o
       240          8          0          0          0       1391   bsp_key.o
        96          6          0          0          0        562   bsp_led.o
       420          8          0          0          0       2694   bsp_usart.o
       360          0          0          0          0       2395   common.o
         0          0          0          0          0       4508   core_cm3.o
       212         18          0          4          0       1111   delay.o
       352         18          0          0          0       1534   hcsr04.o
      1540        376          0         96        392      21612   main.o
       220         22          0          0          0       1885   misc.o
       324          8          0          0          0       1860   spi.o
        36          8        304          0       1024        880   startup_stm32f10x_hd.o
       284         10          0          0          0       2339   stm32f10x_exti.o
       860         38          0          0          0       5813   stm32f10x_gpio.o
       820        126          0          0          0       2658   stm32f10x_it.o
       932         36          0         20          0       9024   stm32f10x_rcc.o
       780         14          0          0          0       6698   stm32f10x_spi.o
      3610         88          0          0          0      22924   stm32f10x_tim.o
      1032         22          0          0          0       8540   stm32f10x_usart.o
       480         38          0         20          0     259775   system_stm32f10x.o
      2684         68      58740          4       1152      10161   tftlcd.o
       356         84          0         57        451       3186   vl53l0x.o
      6586         70          0        681          0      55653   vl53l0x_api.o
      3070         12          0         16          0      14976   vl53l0x_api_calibration.o
      5868         16          0          0          0      20844   vl53l0x_api_core.o
      2372       1266          0          0          0       4653   vl53l0x_api_strings.o
       524         88          0          2         28       2581   vl53l0x_gen.o
      1314         12          0          0          0       6991   vl53l0x_i2c.o
       486          0          0          0          0       5527   vl53l0x_platform.o

    ----------------------------------------------------------------------
     38868       3038      59076        904       4076     496926   Object Totals
         0          0         32          0          0          0   (incl. Generated)
         6          0          0          4          3          0   (incl. Padding)

    ----------------------------------------------------------------------

      Code (inc. data)   RO Data    RW Data    ZI Data      Debug   Library Member Name

        86          0          0          0          0          0   __dczerorl2.o
         0          0          0          0          0          0   entry.o
         0          0          0          0          0          0   entry10a.o
         0          0          0          0          0          0   entry11a.o
         4          0          0          0          0          0   entry12b.o
         8          4          0          0          0          0   entry2.o
         4          0          0          0          0          0   entry5.o
         0          0          0          0          0          0   entry7b.o
         0          0          0          0          0          0   entry8b.o
         8          4          0          0          0          0   entry9a.o
        30          0          0          0          0          0   handlers.o
        36          8          0          0          0         68   init.o
         0          0          0          0          0          0   iusefp.o
        30          0          0          0          0         68   llshl.o
        32          0          0          0          0         68   llushr.o
        36          0          0          0          0         68   memcpya.o
        36          0          0          0          0        108   memseta.o
      1192         60          0          0          0        504   printf8.o
         0          0          0          4          0          0   stdout.o
        24          0          0          0          0         68   strcat.o
        18          0          0          0          0         68   strcpy.o
        36          0          0          0          0         80   strstr.o
        98          0          0          0          0         92   uldiv.o
       176          0          0          0          0        140   fadd.o
       124          0          0          0          0         88   fdiv.o
       110          0          0          0          0        168   fepilogue.o
        40          0          0          0          0         68   ffixui.o
        18          0          0          0          0         68   fflti.o

    ----------------------------------------------------------------------
      2148         76          0          4          0       1724   Library Totals
         2          0          0          0          0          0   (incl. Padding)

    ----------------------------------------------------------------------

      Code (inc. data)   RO Data    RW Data    ZI Data      Debug   Library Name

      1678         76          0          4          0       1192   mc_w.l
       468          0          0          0          0        532   mf_w.l

    ----------------------------------------------------------------------
      2148         76          0          4          0       1724   Library Totals

    ----------------------------------------------------------------------

==============================================================================


      Code (inc. data)   RO Data    RW Data    ZI Data      Debug   

     41016       3114      59076        908       4076     495710   Grand Totals
     41016       3114      59076        736       4076     495710   ELF Image Totals (compressed)
     41016       3114      59076        736          0          0   ROM Totals

==============================================================================

    Total RO  Size (Code + RO Data)               100092 (  97.75kB)
    Total RW  Size (RW Data + ZI Data)              4984 (   4.87kB)
    Total ROM Size (Code + RO Data + RW Data)     100828 (  98.46kB)

==============================================================================

